ARM Linker, 5.03 [Build 76] [MDK-ARM Standard]

==============================================================================

Section Cross References

    main.o(.text) refers to timing_manage.o(.text) for Initialize_Timer
    main.o(.text) refers to input.o(.text) for Button_Initialize
    main.o(.text) refers to rgb.o(.text) for RGB_Initialize
    main.o(.text) refers to dev_adc.o(.text) for ADC_Iinitialize
    main.o(.text) refers to bluetooth.o(.text) for Bluetooth_Initialize
    main.o(.text) refers to tft_ssd1289.o(.text) for TFT_Init
    main.o(.text) refers to tft_touchpanel.o(.text) for TouchPanel_Initialize
    main.o(.text) refers to app_main.o(.text) for Main_Window
    voltage_fb.o(.text) refers to dev_adc.o(.text) for ADC_Get
    voltage_fb.o(.text) refers to ffltui.o(.text) for __aeabi_ui2f
    voltage_fb.o(.text) refers to fmul.o(.text) for __aeabi_fmul
    voltage_fb.o(.text) refers to fadd.o(.text) for __aeabi_fadd
    voltage_fb.o(.text) refers to cfcmple.o(.text) for __aeabi_cfcmple
    voltage_fb.o(.text) refers to cfrcmple.o(.text) for __aeabi_cfrcmple
    voltage_fb.o(.text) refers to voltage_fb.o(.data) for .data
    rgb.o(.text) refers to ffltui.o(.text) for __aeabi_ui2f
    rgb.o(.text) refers to fmul.o(.text) for __aeabi_fmul
    rgb.o(.text) refers to fdiv.o(.text) for __aeabi_fdiv
    rgb.o(.text) refers to stm32f4xx_tim.o(.text) for TIM_SetCompare3
    rgb.o(.text) refers to ffixui.o(.text) for __aeabi_f2uiz
    rgb.o(.text) refers to stm32f4xx_rcc.o(.text) for RCC_AHB1PeriphClockCmd
    rgb.o(.text) refers to rgb.o(.data) for .data
    rgb.o(.text) refers to rgb.o(.bss) for .bss
    rgb.o(.text) refers to stm32f4xx_gpio.o(.text) for GPIO_Init
    rgb.o(.text) refers to dev_timer.o(.text) for Initialize_TIMER
    input.o(.text) refers to stm32f4xx_rcc.o(.text) for RCC_AHB1PeriphClockCmd
    input.o(.text) refers to stm32f4xx_gpio.o(.text) for GPIO_Init
    input.o(.text) refers to dev_adc.o(.text) for ADC_Get
    input.o(.text) refers to input.o(.bss) for .bss
    app_main.o(.text) refers to app_snake.o(.text) for Snake_Window
    app_main.o(.text) refers to sudoku.o(.text) for Sudoku_Window
    app_main.o(.text) refers to app_shellmo.o(.text) for Shellmo_Window
    app_main.o(.text) refers to app_robotarm.o(.text) for RobotArm_Window
    app_main.o(.text) refers to bluetooth.o(.text) for Bluetooth_Window
    app_main.o(.text) refers to app_imu.o(.text) for IMU_Window
    app_main.o(.text) refers to app_test.o(.text) for Test_Window
    app_main.o(.text) refers to tft_ssd1289.o(.text) for TFT_Clear
    app_main.o(.text) refers to tftservice_draw.o(.text) for TFT_DrawFullRect
    app_main.o(.text) refers to tftservice_text.o(.text) for TFT_Text_Transparent
    app_main.o(.text) refers to tftservice_button.o(.text) for TFTSevice_Button_08x16
    app_main.o(.text) refers to tft_touchpanel.o(.text) for TouchPanel_GetPoint
    app_main.o(.text) refers to voltage_fb.o(.text) for Get_Voltage
    app_main.o(.text) refers to f2d.o(.text) for __aeabi_f2d
    app_main.o(.text) refers to app_main.o(.bss) for .bss
    app_main.o(.text) refers to app_main.o(.data) for .data
    app_main.o(.data) refers to app_main.o(.conststring) for .conststring
    sudoku.o(.text) refers to rand.o(.text) for rand
    sudoku.o(.text) refers to sudoku_layout.o(.text) for Sudoku_InitLayout
    sudoku.o(.text) refers to sudoku_event.o(.text) for Sudoku_TouchEvent_Process
    sudoku.o(.text) refers to sudoku_layout.o(.bss) for PUZZLE
    sudoku.o(.text) refers to sudoku.o(.data) for .data
    sudoku_event.o(.text) refers to tftservice_dialog.o(.text) for TFTSevice_ShowDialogYesNo
    sudoku_event.o(.text) refers to sudoku_layout.o(.text) for Sudoku_Render
    sudoku_event.o(.text) refers to tft_touchpanel.o(.text) for TouchPanel_GetPoint
    sudoku_event.o(.text) refers to tftservice_button.o(.text) for TFTSevice_RegionEvent
    sudoku_event.o(.text) refers to sudoku.o(.text) for Sudoku_Generate
    sudoku_event.o(.text) refers to sudoku_event.o(.constdata) for .constdata
    sudoku_event.o(.text) refers to sudoku_layout.o(.bss) for PUZZLE
    sudoku_event.o(.text) refers to sudoku_event.o(.data) for .data
    sudoku_event.o(.text) refers to input.o(.text) for Joystick_AX
    sudoku_event.o(.text) refers to sudoku_event.o(.bss) for .bss
    sudoku_layout.o(.text) refers to tftservice_text.o(.text) for TFT_Text_Background
    sudoku_layout.o(.text) refers to tft_ssd1289.o(.text) for TFT_Clear
    sudoku_layout.o(.text) refers to tftservice_draw.o(.text) for TFT_DrawRect
    sudoku_layout.o(.text) refers to tftservice_button.o(.text) for TFTSevice_Button_16x24
    sudoku_layout.o(.text) refers to sudoku_layout.o(.bss) for .bss
    sudoku_layout.o(.text) refers to sudoku_layout.o(.data) for .data
    sudoku_layout.o(.data) refers to sudoku_layout.o(.conststring) for .conststring
    app_snake.o(.text) refers to tftservice_draw.o(.text) for TFT_DrawFullCircle
[...]
    Bluetooth_AT_SetupUART                   0x08003449   Thumb Code   302  bluetooth_atcmd.o(.text)
    Bluetooth_AT_GetInfo                     0x08003577   Thumb Code   252  bluetooth_atcmd.o(.text)
    Bluetooth_AT_SetName                     0x08003673   Thumb Code   148  bluetooth_atcmd.o(.text)
    Bluetooth_AT_SetPasskey                  0x08003707   Thumb Code   166  bluetooth_atcmd.o(.text)
    Bluetooth_AT_SetRole                     0x080037ad   Thumb Code   120  bluetooth_atcmd.o(.text)
    Bluetooth_AT_SetMode                     0x08003825   Thumb Code   864  bluetooth_atcmd.o(.text)
    Bluetooth_AT_InitSPP                     0x08003b85   Thumb Code   104  bluetooth_atcmd.o(.text)
    Bluetooth_AT_CancelInquire               0x08003bed   Thumb Code    88  bluetooth_atcmd.o(.text)
    Bluetooth_AT_SetInquireMode              0x08003c45   Thumb Code   316  bluetooth_atcmd.o(.text)
    Bluetooth_AT_Inquire                     0x08003d81   Thumb Code   306  bluetooth_atcmd.o(.text)
    Bluetooth_AT_Scan                        0x08003eb3   Thumb Code    42  bluetooth_atcmd.o(.text)
    Bluetooth_AT_GetDeviceName               0x08003edd   Thumb Code   596  bluetooth_atcmd.o(.text)
    Bluetooth_AT_DeviceCheckAuthenticated    0x08004131   Thumb Code   210  bluetooth_atcmd.o(.text)
    Bluetooth_AT_DevicePair                  0x08004203   Thumb Code   272  bluetooth_atcmd.o(.text)
    Bluetooth_AT_DeviceBind                  0x08004313   Thumb Code   186  bluetooth_atcmd.o(.text)
    Bluetooth_AT_DeviceLink                  0x080043cd   Thumb Code   528  bluetooth_atcmd.o(.text)
    RobotArm_Render                          0x08004611   Thumb Code   214  app_robotarm.o(.text)
    RobotArm_SendData                        0x080046e7   Thumb Code    70  app_robotarm.o(.text)
    RobotArm_TouchProcess                    0x0800472d   Thumb Code    62  app_robotarm.o(.text)
    RobotArm_ButtonEvent                     0x0800476b   Thumb Code    60  app_robotarm.o(.text)
    RobotArm_ButtonProcess                   0x080047a7   Thumb Code   130  app_robotarm.o(.text)
    RobotArm_InputProcess                    0x08004829   Thumb Code   312  app_robotarm.o(.text)
    RobotArm_Window                          0x08004961   Thumb Code   314  app_robotarm.o(.text)
    Shellmo_UpdateInput                      0x08004ab1   Thumb Code   584  app_shellmo.o(.text)
    Shellmo_ProcessInput                     0x08004cf9   Thumb Code   238  app_shellmo.o(.text)
    Shellmo_ProcessTilt                      0x08004de7   Thumb Code   150  app_shellmo.o(.text)
    Shellmo_Render                           0x08004e7d   Thumb Code   206  app_shellmo.o(.text)
    Shellmo_ButtonEvent                      0x08004f4b   Thumb Code    36  app_shellmo.o(.text)
    Shellmo_ChoiceProcess                    0x08004f6f   Thumb Code   130  app_shellmo.o(.text)
    Shellmo_Window                           0x08004ff1   Thumb Code   102  app_shellmo.o(.text)
    Test_Window                              0x08005065   Thumb Code   772  app_test.o(.text)
    IMU_FixAngle                             0x080053d1   Thumb Code    32  app_imu.o(.text)
    IMUWindow_RenderData                     0x080053f1   Thumb Code   512  app_imu.o(.text)
    IMUWindow_Render                         0x080055f1   Thumb Code   192  app_imu.o(.text)
    IMUWindow_ErrorConfirm                   0x080056b1   Thumb Code    26  app_imu.o(.text)
    IMU_ChangeFreq                           0x080056cb   Thumb Code    58  app_imu.o(.text)
    IMUWindow_ButtonEvent                    0x08005705   Thumb Code   134  app_imu.o(.text)
    IMUWindow_TouchProcess                   0x0800578b   Thumb Code   406  app_imu.o(.text)
    IMU_Process                              0x08005921   Thumb Code   348  app_imu.o(.text)
    IMU_Window                               0x08005a7d   Thumb Code   134  app_imu.o(.text)
    MPU6050_GetDeviceID                      0x08005bdf   Thumb Code    20  mpu6050.o(.text)
    MPU6050_ConnectionCheck                  0x08005bf3   Thumb Code    26  mpu6050.o(.text)
    MPU6050_Set_SMPLRT_DIV                   0x08005c0d   Thumb Code    50  mpu6050.o(.text)
    MPU6050_Set_Configuration                0x08005c3f   Thumb Code    90  mpu6050.o(.text)
    MPU6050_Set_GYRO_Config                  0x08005c99   Thumb Code    92  mpu6050.o(.text)
    MPU6050_Set_ACCEL_Config                 0x08005cf5   Thumb Code    92  mpu6050.o(.text)
    MPU6050_Set_PWR_MGMT_1                   0x08005d51   Thumb Code   136  mpu6050.o(.text)
    MPU6050_Get_rawDATA                      0x08005dd9   Thumb Code   120  mpu6050.o(.text)
    MPU6050_Get_rawMotion                    0x08005e51   Thumb Code    88  mpu6050.o(.text)
    Initialize_IMU_Bus                       0x08005eb9   Thumb Code   200  sensor_data.o(.text)
    IMU_Update_Data                          0x08005f81   Thumb Code    96  sensor_data.o(.text)
    IMU_EulerToQuaternion                    0x08005fe1   Thumb Code   556  sensor_data.o(.text)
    IMU_QuaternionToEuler                    0x0800620d   Thumb Code   330  sensor_data.o(.text)
    IMU_Compensate                           0x08006357   Thumb Code   420  sensor_data.o(.text)
    IMU_AHRS                                 0x080064fb   Thumb Code  1336  sensor_data.o(.text)
    IMU_Initialize                           0x08006a33   Thumb Code    52  sensor_data.o(.text)
    Initialize_Timer                         0x08006a6d   Thumb Code   128  timing_manage.o(.text)
    Increase_RTC                             0x08006aed   Thumb Code    62  timing_manage.o(.text)
    Get_msTick                               0x08006b2b   Thumb Code     8  timing_manage.o(.text)
    Check_msTick                             0x08006b33   Thumb Code    32  timing_manage.o(.text)
    Delay_ms                                 0x08006b53   Thumb Code    30  timing_manage.o(.text)
    SysTick_Handler                          0x08006b71   Thumb Code    10  timing_manage.o(.text)
    TFTSevice_ShowDialogYesNo                0x08006c3d   Thumb Code   400  tftservice_dialog.o(.text)
    TFTSevice_ShowDialogOK                   0x08006dcd   Thumb Code   244  tftservice_dialog.o(.text)
    TFT_Draw_BlurScreen                      0x08006ec5   Thumb Code    66  tftservice_draw.o(.text)
    TFT_DrawTwoPointLine                     0x08006f07   Thumb Code   414  tftservice_draw.o(.text)
    TFT_DrawRect                             0x080070a5   Thumb Code   116  tftservice_draw.o(.text)
    TFT_DrawFullRect                         0x08007119   Thumb Code    62  tftservice_draw.o(.text)
    TFT_DrawCircle                           0x08007157   Thumb Code   198  tftservice_draw.o(.text)
    TFT_DrawFullCircle                       0x0800721d   Thumb Code   170  tftservice_draw.o(.text)
    TFT_DrawUniLine                          0x080072c7   Thumb Code   194  tftservice_draw.o(.text)
    TFT_FillPolyLine                         0x08007389   Thumb Code   428  tftservice_draw.o(.text)
    TFT_Text_ShiftCursor                     0x08007573   Thumb Code    16  tftservice_text.o(.text)
    TFT_Text_SetCursor                       0x08007583   Thumb Code     8  tftservice_text.o(.text)
    TFT_Text_PrintChar                       0x0800758b   Thumb Code   108  tftservice_text.o(.text)
    TFT_Text_StringProcess                   0x080075f7   Thumb Code   236  tftservice_text.o(.text)
    fputc                                    0x080076e3   Thumb Code    16  tftservice_text.o(.text)
    TFT_Text_Background                      0x080076f3   Thumb Code    68  tftservice_text.o(.text)
    TFT_Text_Transparent                     0x08007737   Thumb Code    68  tftservice_text.o(.text)
    TFT_Text_Background_Limit                0x0800777b   Thumb Code    74  tftservice_text.o(.text)
    TFT_Text_Transparent_Limit               0x080077c5   Thumb Code    68  tftservice_text.o(.text)
    TFTService_Keyboard                      0x08007a7d   Thumb Code   656  tftservice_keyboard.o(.text)
    TFTService_Keyboard_StringToInt64        0x08007d0d   Thumb Code    82  tftservice_keyboard.o(.text)
    TFTSevice_TrackBarTouchRender            0x08007ec9   Thumb Code   118  tftservice_trackbar.o(.text)
    TFTSevice_TrackBarEvent                  0x08007f3f   Thumb Code   292  tftservice_trackbar.o(.text)
    TFTSevice_TrackBarValueRender            0x08008063   Thumb Code   194  tftservice_trackbar.o(.text)
    TFTSevice_TrackBarRender                 0x08008125   Thumb Code   110  tftservice_trackbar.o(.text)
    TFTSevice_RegionEvent                    0x08008195   Thumb Code    72  tftservice_button.o(.text)
    TFTSevice_Button_16x24                   0x080081dd   Thumb Code   194  tftservice_button.o(.text)
    TFTSevice_Button_08x16                   0x0800829f   Thumb Code   100  tftservice_button.o(.text)
    TouchPanel_Initialize                    0x08008309   Thumb Code     4  tft_touchpanel.o(.text)
    TouchPanel_Filter                        0x0800830d   Thumb Code   234  tft_touchpanel.o(.text)
    TouchPanel_CheckEvent                    0x080083f7   Thumb Code    70  tft_touchpanel.o(.text)
    TouchPanel_GetPoint                      0x0800843d   Thumb Code    86  tft_touchpanel.o(.text)
    TFT_WriteRAM_Prepare                     0x080085d1   Thumb Code    10  tft_ssd1289.o(.text)
    TFT_WriteRAM                             0x080085db   Thumb Code     6  tft_ssd1289.o(.text)
    TFT_WriteReg                             0x080085e1   Thumb Code    12  tft_ssd1289.o(.text)
    TFT_DisplayOn                            0x080085ed   Thumb Code     8  tft_ssd1289.o(.text)
    TFT_DisplayOff                           0x080085f5   Thumb Code     6  tft_ssd1289.o(.text)
    TFT_SetCursorSafe                        0x080085fb   Thumb Code    68  tft_ssd1289.o(.text)
    TFT_SetPixelSafe                         0x0800863f   Thumb Code    28  tft_ssd1289.o(.text)
    TFT_SetCursor                            0x0800865b   Thumb Code    46  tft_ssd1289.o(.text)
    TFT_Clear                                0x08008689   Thumb Code    38  tft_ssd1289.o(.text)
    TFT_Pixel                                0x080086af   Thumb Code    22  tft_ssd1289.o(.text)
    TFT_SetDisplayWindow                     0x080086c5   Thumb Code    64  tft_ssd1289.o(.text)
    TFT_WriteBMP                             0x08008705   Thumb Code    82  tft_ssd1289.o(.text)
    TFT_Init                                 0x08008757   Thumb Code   522  tft_ssd1289.o(.text)
    XPT2046_IRQRead                          0x080089c9   Thumb Code    22  tft_xpt2046.o(.text)
    Read_XPT2046                             0x08008a3f   Thumb Code   332  tft_xpt2046.o(.text)
    XPT2046_Initialize                       0x08008b8b   Thumb Code   290  tft_xpt2046.o(.text)
    ADC_Iinitialize                          0x08008ce9   Thumb Code   272  dev_adc.o(.text)
    ADC_Get                                  0x08008df9   Thumb Code    42  dev_adc.o(.text)
    __I2C_Debug__                            0x08008e3d   Thumb Code    50  dev_i2c.o(.text)
    Initialize_I2C                           0x08008e6f   Thumb Code   414  dev_i2c.o(.text)
    I2C_DMA_Config                           0x0800900d   Thumb Code    64  dev_i2c.o(.text)
    I2C_BUSY_Check                           0x0800904d   Thumb Code    52  dev_i2c.o(.text)
    I2C_Request                              0x08009081   Thumb Code   320  dev_i2c.o(.text)
    I2C_Interupt                             0x080091c1   Thumb Code   426  dev_i2c.o(.text)
    DMA1_Stream0_IRQHandler                  0x0800936b   Thumb Code    54  dev_i2c.o(.text)
    I2C_LAST_TRANSMIT_Check                  0x080093a1   Thumb Code    48  dev_i2c.o(.text)
    DMA1_Stream6_IRQHandler                  0x080093d1   Thumb Code    62  dev_i2c.o(.text)
    DMA1_Stream2_IRQHandler                  0x0800940f   Thumb Code    58  dev_i2c.o(.text)
    DMA1_Stream7_IRQHandler                  0x08009449   Thumb Code    66  dev_i2c.o(.text)
    I2C1_EV_IRQHandler                       0x0800948b   Thumb Code     4  dev_i2c.o(.text)
    I2C2_EV_IRQHandler                       0x0800948f   Thumb Code     6  dev_i2c.o(.text)
    I2C1_ER_IRQHandler                       0x08009495   Thumb Code    32  dev_i2c.o(.text)
    I2C2_ER_IRQHandler                       0x080094b5   Thumb Code    32  dev_i2c.o(.text)
    I2C_EVENT_Check                          0x080094d5   Thumb Code    50  dev_i2c.o(.text)
    Initialize_TIMER                         0x08009531   Thumb Code   212  dev_timer.o(.text)
    Initialize_TIMER_PWM                     0x08009605   Thumb Code   152  dev_timer.o(.text)
    Initialize_TIMER_INTERRUPT               0x0800969d   Thumb Code   268  dev_timer.o(.text)
    TIM1_CC_IRQHandler                       0x080097a9   Thumb Code     2  dev_timer.o(.text)
    TIM2_IRQHandler                          0x080097ab   Thumb Code     2  dev_timer.o(.text)
    TIM3_IRQHandler                          0x080097ad   Thumb Code     2  dev_timer.o(.text)
    TIM4_IRQHandler                          0x080097af   Thumb Code     2  dev_timer.o(.text)
    TIM5_IRQHandler                          0x080097b1   Thumb Code     2  dev_timer.o(.text)
    TIM6_DAC_IRQHandler                      0x080097b3   Thumb Code     2  dev_timer.o(.text)
    TIM7_IRQHandler                          0x080097b5   Thumb Code     2  dev_timer.o(.text)
    TIM8_CC_IRQHandler                       0x080097b7   Thumb Code     2  dev_timer.o(.text)
    TIM1_BRK_TIM9_IRQHandler                 0x080097b9   Thumb Code     2  dev_timer.o(.text)
    TIM1_UP_TIM10_IRQHandler                 0x080097bb   Thumb Code    52  dev_timer.o(.text)
    TIM1_TRG_COM_TIM11_IRQHandler            0x080097ef   Thumb Code    56  dev_timer.o(.text)
    USART_OpenPort                           0x08009865   Thumb Code   556  dev_usart.o(.text)
    USART_DMA_Set                            0x08009a91   Thumb Code   148  dev_usart.o(.text)
    USART_Interrupt_Set                      0x08009b25   Thumb Code    62  dev_usart.o(.text)
    UART3_RX_DMA_IT                          0x08009b63   Thumb Code     2  dev_usart.o(.text)
    USART1_IRQHandler                        0x08009b65   Thumb Code   122  dev_usart.o(.text)
    Reset_Handler                            0x08009c05   Thumb Code     8  startup_stm32f4xx.o(.text)
    NMI_Handler                              0x08009c0d   Thumb Code     2  startup_stm32f4xx.o(.text)
    HardFault_Handler                        0x08009c0f   Thumb Code     2  startup_stm32f4xx.o(.text)
    MemManage_Handler                        0x08009c11   Thumb Code     2  startup_stm32f4xx.o(.text)
    BusFault_Handler                         0x08009c13   Thumb Code     2  startup_stm32f4xx.o(.text)
    UsageFault_Handler                       0x08009c15   Thumb Code     2  startup_stm32f4xx.o(.text)
    SVC_Handler                              0x08009c17   Thumb Code     2  startup_stm32f4xx.o(.text)
    DebugMon_Handler                         0x08009c19   Thumb Code     2  startup_stm32f4xx.o(.text)
    PendSV_Handler                           0x08009c1b   Thumb Code     2  startup_stm32f4xx.o(.text)
    ADC_IRQHandler                           0x08009c1f   Thumb Code     0  startup_stm32f4xx.o(.text)
    CAN1_RX0_IRQHandler                      0x08009c1f   Thumb Code     0  startup_stm32f4xx.o(.text)
    CAN1_RX1_IRQHandler                      0x08009c1f   Thumb Code     0  startup_stm32f4xx.o(.text)
    CAN1_SCE_IRQHandler                      0x08009c1f   Thumb Code     0  startup_stm32f4xx.o(.text)
    CAN1_TX_IRQHandler                       0x08009c1f   Thumb Code     0  startup_stm32f4xx.o(.text)
    CAN2_RX0_IRQHandler                      0x08009c1f   Thumb Code     0  startup_stm32f4xx.o(.text)
    CAN2_RX1_IRQHandler                      0x08009c1f   Thumb Code     0  startup_stm32f4xx.o(.text)
    CAN2_SCE_IRQHandler                      0x08009c1f   Thumb Code     0  startup_stm32f4xx.o(.text)
    CAN2_TX_IRQHandler                       0x08009c1f   Thumb Code     0  startup_stm32f4xx.o(.text)
    CRYP_IRQHandler                          0x08009c1f   Thumb Code     0  startup_stm32f4xx.o(.text)
    DCMI_IRQHandler                          0x08009c1f   Thumb Code     0  startup_stm32f4xx.o(.text)
    DMA1_Stream1_IRQHandler                  0x08009c1f   Thumb Code     0  startup_stm32f4xx.o(.text)
    DMA1_Stream3_IRQHandler                  0x08009c1f   Thumb Code     0  startup_stm32f4xx.o(.text)
    DMA1_Stream4_IRQHandler                  0x08009c1f   Thumb Code     0  startup_stm32f4xx.o(.text)
    DMA1_Stream5_IRQHandler                  0x08009c1f   Thumb Code     0  startup_stm32f4xx.o(.text)
    DMA2_Stream0_IRQHandler                  0x08009c1f   Thumb Code     0  startup_stm32f4xx.o(.text)
    DMA2_Stream1_IRQHandler                  0x08009c1f   Thumb Code     0  startup_stm32f4xx.o(.text)
    DMA2_Stream2_IRQHandler                  0x08009c1f   Thumb Code     0  startup_stm32f4xx.o(.text)
    DMA2_Stream3_IRQHandler                  0x08009c1f   Thumb Code     0  startup_stm32f4xx.o(.text)
    DMA2_Stream4_IRQHandler                  0x08009c1f   Thumb Code     0  startup_stm32f4xx.o(.text)
    DMA2_Stream5_IRQHandler                  0x08009c1f   Thumb Code     0  startup_stm32f4xx.o(.text)
    DMA2_Stream6_IRQHandler                  0x08009c1f   Thumb Code     0  startup_stm32f4xx.o(.text)
    DMA2_Stream7_IRQHandler                  0x08009c1f   Thumb Code     0  startup_stm32f4xx.o(.text)
    ETH_IRQHandler                           0x08009c1f   Thumb Code     0  startup_stm32f4xx.o(.text)
    ETH_WKUP_IRQHandler                      0x08009c1f   Thumb Code     0  startup_stm32f4xx.o(.text)
    EXTI0_IRQHandler                         0x08009c1f   Thumb Code     0  startup_stm32f4xx.o(.text)
    EXTI15_10_IRQHandler                     0x08009c1f   Thumb Code     0  startup_stm32f4xx.o(.text)
    EXTI1_IRQHandler                         0x08009c1f   Thumb Code     0  startup_stm32f4xx.o(.text)
    EXTI2_IRQHandler                         0x08009c1f   Thumb Code     0  startup_stm32f4xx.o(.text)
    EXTI3_IRQHandler                         0x08009c1f   Thumb Code     0  startup_stm32f4xx.o(.text)
    EXTI4_IRQHandler                         0x08009c1f   Thumb Code     0  startup_stm32f4xx.o(.text)
    EXTI9_5_IRQHandler                       0x08009c1f   Thumb Code     0  startup_stm32f4xx.o(.text)
    FLASH_IRQHandler                         0x08009c1f   Thumb Code     0  startup_stm32f4xx.o(.text)
    FPU_IRQHandler                           0x08009c1f   Thumb Code     0  startup_stm32f4xx.o(.text)
    FSMC_IRQHandler                          0x08009c1f   Thumb Code     0  startup_stm32f4xx.o(.text)
    HASH_RNG_IRQHandler                      0x08009c1f   Thumb Code     0  startup_stm32f4xx.o(.text)
    I2C3_ER_IRQHandler                       0x08009c1f   Thumb Code     0  startup_stm32f4xx.o(.text)
    I2C3_EV_IRQHandler                       0x08009c1f   Thumb Code     0  startup_stm32f4xx.o(.text)
    OTG_FS_IRQHandler                        0x08009c1f   Thumb Code     0  startup_stm32f4xx.o(.text)
    OTG_FS_WKUP_IRQHandler                   0x08009c1f   Thumb Code     0  startup_stm32f4xx.o(.text)
    OTG_HS_EP1_IN_IRQHandler                 0x08009c1f   Thumb Code     0  startup_stm32f4xx.o(.text)
    OTG_HS_EP1_OUT_IRQHandler                0x08009c1f   Thumb Code     0  startup_stm32f4xx.o(.text)
    OTG_HS_IRQHandler                        0x08009c1f   Thumb Code     0  startup_stm32f4xx.o(.text)
    OTG_HS_WKUP_IRQHandler                   0x08009c1f   Thumb Code     0  startup_stm32f4xx.o(.text)
    PVD_IRQHandler                           0x08009c1f   Thumb Code     0  startup_stm32f4xx.o(.text)
    RCC_IRQHandler                           0x08009c1f   Thumb Code     0  startup_stm32f4xx.o(.text)
    RTC_Alarm_IRQHandler                     0x08009c1f   Thumb Code     0  startup_stm32f4xx.o(.text)
    RTC_WKUP_IRQHandler                      0x08009c1f   Thumb Code     0  startup_stm32f4xx.o(.text)
    SDIO_IRQHandler                          0x08009c1f   Thumb Code     0  startup_stm32f4xx.o(.text)
    SPI1_IRQHandler                          0x08009c1f   Thumb Code     0  startup_stm32f4xx.o(.text)
    SPI2_IRQHandler                          0x08009c1f   Thumb Code     0  startup_stm32f4xx.o(.text)
    SPI3_IRQHandler                          0x08009c1f   Thumb Code     0  startup_stm32f4xx.o(.text)
    TAMP_STAMP_IRQHandler                    0x08009c1f   Thumb Code     0  startup_stm32f4xx.o(.text)
    TIM8_BRK_TIM12_IRQHandler                0x08009c1f   Thumb Code     0  startup_stm32f4xx.o(.text)
    TIM8_TRG_COM_TIM14_IRQHandler            0x08009c1f   Thumb Code     0  startup_stm32f4xx.o(.text)
    TIM8_UP_TIM13_IRQHandler                 0x08009c1f   Thumb Code     0  startup_stm32f4xx.o(.text)
    UART4_IRQHandler                         0x08009c1f   Thumb Code     0  startup_stm32f4xx.o(.text)
    UART5_IRQHandler                         0x08009c1f   Thumb Code     0  startup_stm32f4xx.o(.text)
    USART2_IRQHandler                        0x08009c1f   Thumb Code     0  startup_stm32f4xx.o(.text)
    USART3_IRQHandler                        0x08009c1f   Thumb Code     0  startup_stm32f4xx.o(.text)
    USART6_IRQHandler                        0x08009c1f   Thumb Code     0  startup_stm32f4xx.o(.text)
    WWDG_IRQHandler                          0x08009c1f   Thumb Code     0  startup_stm32f4xx.o(.text)
    SystemInit                               0x08009ccb   Thumb Code    62  system_stm32f4xx.o(.text)
    SystemCoreClockUpdate                    0x08009d09   Thumb Code   108  system_stm32f4xx.o(.text)
    NVIC_PriorityGroupConfig                 0x08009d99   Thumb Code    10  misc.o(.text)
    NVIC_Init                                0x08009da3   Thumb Code    92  misc.o(.text)
    NVIC_SetVectorTable                      0x08009dff   Thumb Code    14  misc.o(.text)
    NVIC_SystemLPConfig                      0x08009e0d   Thumb Code    20  misc.o(.text)
    SysTick_CLKSourceConfig                  0x08009e21   Thumb Code    24  misc.o(.text)
    ADC_DeInit                               0x08009e49   Thumb Code    24  stm32f4xx_adc.o(.text)
    ADC_Init                                 0x08009e61   Thumb Code    66  stm32f4xx_adc.o(.text)
    ADC_StructInit                           0x08009ea3   Thumb Code    20  stm32f4xx_adc.o(.text)
    ADC_CommonInit                           0x08009eb7   Thumb Code    30  stm32f4xx_adc.o(.text)
    ADC_CommonStructInit                     0x08009ed5   Thumb Code    12  stm32f4xx_adc.o(.text)
    ADC_Cmd                                  0x08009ee1   Thumb Code    20  stm32f4xx_adc.o(.text)
    ADC_AnalogWatchdogCmd                    0x08009ef5   Thumb Code    12  stm32f4xx_adc.o(.text)
    ADC_AnalogWatchdogThresholdsConfig       0x08009f01   Thumb Code     6  stm32f4xx_adc.o(.text)
    ADC_AnalogWatchdogSingleChannelConfig    0x08009f07   Thumb Code    12  stm32f4xx_adc.o(.text)
    ADC_TempSensorVrefintCmd                 0x08009f13   Thumb Code    26  stm32f4xx_adc.o(.text)
    ADC_VBATCmd                              0x08009f2d   Thumb Code    26  stm32f4xx_adc.o(.text)
    ADC_RegularChannelConfig                 0x08009f47   Thumb Code   116  stm32f4xx_adc.o(.text)
    ADC_SoftwareStartConv                    0x08009fbb   Thumb Code    10  stm32f4xx_adc.o(.text)
    ADC_GetSoftwareStartConvStatus           0x08009fc5   Thumb Code    14  stm32f4xx_adc.o(.text)
    ADC_EOCOnEachRegularChannelCmd           0x08009fd3   Thumb Code    20  stm32f4xx_adc.o(.text)
    ADC_ContinuousModeCmd                    0x08009fe7   Thumb Code    20  stm32f4xx_adc.o(.text)
    ADC_DiscModeChannelCountConfig           0x08009ffb   Thumb Code    16  stm32f4xx_adc.o(.text)
    ADC_DiscModeCmd                          0x0800a00b   Thumb Code    20  stm32f4xx_adc.o(.text)
    ADC_GetConversionValue                   0x0800a01f   Thumb Code     6  stm32f4xx_adc.o(.text)
    ADC_GetMultiModeConversionValue          0x0800a025   Thumb Code     8  stm32f4xx_adc.o(.text)
    ADC_DMACmd                               0x0800a02d   Thumb Code    20  stm32f4xx_adc.o(.text)
    ADC_DMARequestAfterLastTransferCmd       0x0800a041   Thumb Code    20  stm32f4xx_adc.o(.text)
    ADC_MultiModeDMARequestAfterLastTransferCmd 0x0800a055   Thumb Code    26  stm32f4xx_adc.o(.text)
    ADC_InjectedChannelConfig                0x0800a06f   Thumb Code    74  stm32f4xx_adc.o(.text)
    ADC_InjectedSequencerLengthConfig        0x0800a0b9   Thumb Code    16  stm32f4xx_adc.o(.text)
    ADC_SetInjectedOffset                    0x0800a0c9   Thumb Code    10  stm32f4xx_adc.o(.text)
    ADC_ExternalTrigInjectedConvConfig       0x0800a0d3   Thumb Code    12  stm32f4xx_adc.o(.text)
    ADC_ExternalTrigInjectedConvEdgeConfig   0x0800a0df   Thumb Code    12  stm32f4xx_adc.o(.text)
    ADC_SoftwareStartInjectedConv            0x0800a0eb   Thumb Code    10  stm32f4xx_adc.o(.text)
    ADC_GetSoftwareStartInjectedConvCmdStatus 0x0800a0f5   Thumb Code    14  stm32f4xx_adc.o(.text)
    ADC_AutoInjectedConvCmd                  0x0800a103   Thumb Code    20  stm32f4xx_adc.o(.text)
    ADC_InjectedDiscModeCmd                  0x0800a117   Thumb Code    20  stm32f4xx_adc.o(.text)
    ADC_GetInjectedConversionValue           0x0800a12b   Thumb Code    14  stm32f4xx_adc.o(.text)
    ADC_ITConfig                             0x0800a139   Thumb Code    18  stm32f4xx_adc.o(.text)
    ADC_GetFlagStatus                        0x0800a14b   Thumb Code    14  stm32f4xx_adc.o(.text)
    ADC_ClearFlag                            0x0800a159   Thumb Code     6  stm32f4xx_adc.o(.text)
    ADC_GetITStatus                          0x0800a15f   Thumb Code    30  stm32f4xx_adc.o(.text)
    ADC_ClearITPendingBit                    0x0800a17d   Thumb Code     8  stm32f4xx_adc.o(.text)
    DMA_DeInit                               0x0800a19d   Thumb Code   272  stm32f4xx_dma.o(.text)
    DMA_Init                                 0x0800a2ad   Thumb Code    80  stm32f4xx_dma.o(.text)
    DMA_StructInit                           0x0800a2fd   Thumb Code    34  stm32f4xx_dma.o(.text)
    DMA_Cmd                                  0x0800a31f   Thumb Code    20  stm32f4xx_dma.o(.text)
    DMA_PeriphIncOffsetSizeConfig            0x0800a333   Thumb Code    20  stm32f4xx_dma.o(.text)
    DMA_FlowControllerConfig                 0x0800a347   Thumb Code    20  stm32f4xx_dma.o(.text)
    DMA_SetCurrDataCounter                   0x0800a35b   Thumb Code     4  stm32f4xx_dma.o(.text)
    DMA_GetCurrDataCounter                   0x0800a35f   Thumb Code     6  stm32f4xx_dma.o(.text)
    DMA_DoubleBufferModeConfig               0x0800a365   Thumb Code    22  stm32f4xx_dma.o(.text)
    DMA_DoubleBufferModeCmd                  0x0800a37b   Thumb Code    20  stm32f4xx_dma.o(.text)
    DMA_MemoryTargetConfig                   0x0800a38f   Thumb Code    10  stm32f4xx_dma.o(.text)
    DMA_GetCurrentMemoryTarget               0x0800a399   Thumb Code    14  stm32f4xx_dma.o(.text)
    DMA_GetCmdStatus                         0x0800a3a7   Thumb Code    14  stm32f4xx_dma.o(.text)
    DMA_GetFIFOStatus                        0x0800a3b5   Thumb Code     8  stm32f4xx_dma.o(.text)
    DMA_GetFlagStatus                        0x0800a3bd   Thumb Code    42  stm32f4xx_dma.o(.text)
    DMA_ClearFlag                            0x0800a3e7   Thumb Code    34  stm32f4xx_dma.o(.text)
    DMA_ITConfig                             0x0800a409   Thumb Code    44  stm32f4xx_dma.o(.text)
    DMA_GetITStatus                          0x0800a435   Thumb Code    70  stm32f4xx_dma.o(.text)
    DMA_ClearITPendingBit                    0x0800a47b   Thumb Code    34  stm32f4xx_dma.o(.text)
    GPIO_DeInit                              0x0800a4bd   Thumb Code   192  stm32f4xx_gpio.o(.text)
    GPIO_Init                                0x0800a57d   Thumb Code   120  stm32f4xx_gpio.o(.text)
    GPIO_StructInit                          0x0800a5f5   Thumb Code    18  stm32f4xx_gpio.o(.text)
    GPIO_PinLockConfig                       0x0800a607   Thumb Code    24  stm32f4xx_gpio.o(.text)
    GPIO_ReadInputDataBit                    0x0800a61f   Thumb Code    14  stm32f4xx_gpio.o(.text)
    GPIO_ReadInputData                       0x0800a62d   Thumb Code     6  stm32f4xx_gpio.o(.text)
    GPIO_ReadOutputDataBit                   0x0800a633   Thumb Code    14  stm32f4xx_gpio.o(.text)
    GPIO_ReadOutputData                      0x0800a641   Thumb Code     6  stm32f4xx_gpio.o(.text)
    GPIO_SetBits                             0x0800a647   Thumb Code     4  stm32f4xx_gpio.o(.text)
    GPIO_ResetBits                           0x0800a64b   Thumb Code     4  stm32f4xx_gpio.o(.text)
    GPIO_WriteBit                            0x0800a64f   Thumb Code    10  stm32f4xx_gpio.o(.text)
    GPIO_Write                               0x0800a659   Thumb Code     4  stm32f4xx_gpio.o(.text)
    GPIO_ToggleBits                          0x0800a65d   Thumb Code     8  stm32f4xx_gpio.o(.text)
    GPIO_PinAFConfig                         0x0800a665   Thumb Code    32  stm32f4xx_gpio.o(.text)
    I2C_DeInit                               0x0800a6a9   Thumb Code    56  stm32f4xx_i2c.o(.text)
    I2C_Init                                 0x0800a6e1   Thumb Code   172  stm32f4xx_i2c.o(.text)
    I2C_StructInit                           0x0800a78d   Thumb Code    28  stm32f4xx_i2c.o(.text)
    I2C_Cmd                                  0x0800a7a9   Thumb Code    20  stm32f4xx_i2c.o(.text)
    I2C_GenerateSTART                        0x0800a7bd   Thumb Code    20  stm32f4xx_i2c.o(.text)
    I2C_GenerateSTOP                         0x0800a7d1   Thumb Code    20  stm32f4xx_i2c.o(.text)
    I2C_Send7bitAddress                      0x0800a7e5   Thumb Code    16  stm32f4xx_i2c.o(.text)
    I2C_AcknowledgeConfig                    0x0800a7f5   Thumb Code    20  stm32f4xx_i2c.o(.text)
    I2C_OwnAddress2Config                    0x0800a809   Thumb Code    16  stm32f4xx_i2c.o(.text)
    I2C_DualAddressCmd                       0x0800a819   Thumb Code    20  stm32f4xx_i2c.o(.text)
    I2C_GeneralCallCmd                       0x0800a82d   Thumb Code    20  stm32f4xx_i2c.o(.text)
    I2C_SoftwareResetCmd                     0x0800a841   Thumb Code    20  stm32f4xx_i2c.o(.text)
    I2C_StretchClockCmd                      0x0800a855   Thumb Code    20  stm32f4xx_i2c.o(.text)
    I2C_FastModeDutyCycleConfig              0x0800a869   Thumb Code    22  stm32f4xx_i2c.o(.text)
    I2C_NACKPositionConfig                   0x0800a87f   Thumb Code    22  stm32f4xx_i2c.o(.text)
    I2C_SMBusAlertConfig                     0x0800a895   Thumb Code    22  stm32f4xx_i2c.o(.text)
    I2C_ARPCmd                               0x0800a8ab   Thumb Code    20  stm32f4xx_i2c.o(.text)
    I2C_SendData                             0x0800a8bf   Thumb Code     4  stm32f4xx_i2c.o(.text)
    I2C_ReceiveData                          0x0800a8c3   Thumb Code     6  stm32f4xx_i2c.o(.text)
    I2C_TransmitPEC                          0x0800a8c9   Thumb Code    20  stm32f4xx_i2c.o(.text)
    I2C_PECPositionConfig                    0x0800a8dd   Thumb Code    22  stm32f4xx_i2c.o(.text)
    I2C_CalculatePEC                         0x0800a8f3   Thumb Code    20  stm32f4xx_i2c.o(.text)
    I2C_GetPEC                               0x0800a907   Thumb Code     6  stm32f4xx_i2c.o(.text)
    I2C_DMACmd                               0x0800a90d   Thumb Code    20  stm32f4xx_i2c.o(.text)
    I2C_DMALastTransferCmd                   0x0800a921   Thumb Code    20  stm32f4xx_i2c.o(.text)
    I2C_ReadRegister                         0x0800a935   Thumb Code    10  stm32f4xx_i2c.o(.text)
    I2C_ITConfig                             0x0800a93f   Thumb Code    16  stm32f4xx_i2c.o(.text)
    I2C_CheckEvent                           0x0800a94f   Thumb Code    24  stm32f4xx_i2c.o(.text)
    I2C_GetLastEvent                         0x0800a967   Thumb Code    14  stm32f4xx_i2c.o(.text)
    I2C_GetFlagStatus                        0x0800a975   Thumb Code    42  stm32f4xx_i2c.o(.text)
    I2C_ClearFlag                            0x0800a99f   Thumb Code     6  stm32f4xx_i2c.o(.text)
    I2C_GetITStatus                          0x0800a9a5   Thumb Code    36  stm32f4xx_i2c.o(.text)
    I2C_ClearITPendingBit                    0x0800a9c9   Thumb Code     6  stm32f4xx_i2c.o(.text)
    RCC_DeInit                               0x0800a9e5   Thumb Code    48  stm32f4xx_rcc.o(.text)
    RCC_HSEConfig                            0x0800aa15   Thumb Code    12  stm32f4xx_rcc.o(.text)
    RCC_GetFlagStatus                        0x0800aa21   Thumb Code    46  stm32f4xx_rcc.o(.text)
    RCC_WaitForHSEStartUp                    0x0800aa4f   Thumb Code    44  stm32f4xx_rcc.o(.text)
    RCC_AdjustHSICalibrationValue            0x0800aa7b   Thumb Code    16  stm32f4xx_rcc.o(.text)
    RCC_HSICmd                               0x0800aa8b   Thumb Code     6  stm32f4xx_rcc.o(.text)
    RCC_LSEConfig                            0x0800aa91   Thumb Code    24  stm32f4xx_rcc.o(.text)
    RCC_LSICmd                               0x0800aaa9   Thumb Code     6  stm32f4xx_rcc.o(.text)
    RCC_PLLConfig                            0x0800aaaf   Thumb Code    32  stm32f4xx_rcc.o(.text)
    RCC_PLLCmd                               0x0800aacf   Thumb Code     6  stm32f4xx_rcc.o(.text)
    RCC_PLLI2SConfig                         0x0800aad5   Thumb Code    14  stm32f4xx_rcc.o(.text)
    RCC_PLLI2SCmd                            0x0800aae3   Thumb Code     6  stm32f4xx_rcc.o(.text)
    RCC_ClockSecuritySystemCmd               0x0800aae9   Thumb Code     6  stm32f4xx_rcc.o(.text)
    RCC_MCO1Config                           0x0800aaef   Thumb Code    18  stm32f4xx_rcc.o(.text)
    RCC_MCO2Config                           0x0800ab01   Thumb Code    18  stm32f4xx_rcc.o(.text)
    RCC_SYSCLKConfig                         0x0800ab13   Thumb Code    16  stm32f4xx_rcc.o(.text)
    RCC_GetSYSCLKSource                      0x0800ab23   Thumb Code    12  stm32f4xx_rcc.o(.text)
    RCC_HCLKConfig                           0x0800ab2f   Thumb Code    16  stm32f4xx_rcc.o(.text)
    RCC_PCLK1Config                          0x0800ab3f   Thumb Code    16  stm32f4xx_rcc.o(.text)
    RCC_PCLK2Config                          0x0800ab4f   Thumb Code    18  stm32f4xx_rcc.o(.text)
    RCC_GetClocksFreq                        0x0800ab61   Thumb Code   134  stm32f4xx_rcc.o(.text)
    RCC_RTCCLKConfig                         0x0800abe7   Thumb Code    42  stm32f4xx_rcc.o(.text)
    RCC_RTCCLKCmd                            0x0800ac11   Thumb Code     8  stm32f4xx_rcc.o(.text)
    RCC_BackupResetCmd                       0x0800ac19   Thumb Code     8  stm32f4xx_rcc.o(.text)
    RCC_I2SCLKConfig                         0x0800ac21   Thumb Code     6  stm32f4xx_rcc.o(.text)
    RCC_AHB1PeriphClockCmd                   0x0800ac27   Thumb Code    20  stm32f4xx_rcc.o(.text)
    RCC_AHB2PeriphClockCmd                   0x0800ac3b   Thumb Code    20  stm32f4xx_rcc.o(.text)
    RCC_AHB3PeriphClockCmd                   0x0800ac4f   Thumb Code    20  stm32f4xx_rcc.o(.text)
    RCC_APB1PeriphClockCmd                   0x0800ac63   Thumb Code    20  stm32f4xx_rcc.o(.text)
    RCC_APB2PeriphClockCmd                   0x0800ac77   Thumb Code    20  stm32f4xx_rcc.o(.text)
    RCC_AHB1PeriphResetCmd                   0x0800ac8b   Thumb Code    20  stm32f4xx_rcc.o(.text)
    RCC_AHB2PeriphResetCmd                   0x0800ac9f   Thumb Code    20  stm32f4xx_rcc.o(.text)
    RCC_AHB3PeriphResetCmd                   0x0800acb3   Thumb Code    20  stm32f4xx_rcc.o(.text)
    RCC_APB1PeriphResetCmd                   0x0800acc7   Thumb Code    20  stm32f4xx_rcc.o(.text)
    RCC_APB2PeriphResetCmd                   0x0800acdb   Thumb Code    20  stm32f4xx_rcc.o(.text)
    RCC_AHB1PeriphClockLPModeCmd             0x0800acef   Thumb Code    20  stm32f4xx_rcc.o(.text)
    RCC_AHB2PeriphClockLPModeCmd             0x0800ad03   Thumb Code    20  stm32f4xx_rcc.o(.text)
    RCC_AHB3PeriphClockLPModeCmd             0x0800ad17   Thumb Code    20  stm32f4xx_rcc.o(.text)
    RCC_APB1PeriphClockLPModeCmd             0x0800ad2b   Thumb Code    20  stm32f4xx_rcc.o(.text)
    RCC_APB2PeriphClockLPModeCmd             0x0800ad3f   Thumb Code    20  stm32f4xx_rcc.o(.text)
    RCC_ITConfig                             0x0800ad53   Thumb Code    20  stm32f4xx_rcc.o(.text)
    RCC_ClearFlag                            0x0800ad67   Thumb Code    14  stm32f4xx_rcc.o(.text)
    RCC_GetITStatus                          0x0800ad75   Thumb Code    18  stm32f4xx_rcc.o(.text)
    RCC_ClearITPendingBit                    0x0800ad87   Thumb Code     8  stm32f4xx_rcc.o(.text)
    TIM_DeInit                               0x0800adb9   Thumb Code   284  stm32f4xx_tim.o(.text)
    TIM_TimeBaseInit                         0x0800aed5   Thumb Code    96  stm32f4xx_tim.o(.text)
    TIM_TimeBaseStructInit                   0x0800af35   Thumb Code    18  stm32f4xx_tim.o(.text)
    TIM_PrescalerConfig                      0x0800af47   Thumb Code     6  stm32f4xx_tim.o(.text)
    TIM_CounterModeConfig                    0x0800af4d   Thumb Code    12  stm32f4xx_tim.o(.text)
    TIM_SetCounter                           0x0800af59   Thumb Code     4  stm32f4xx_tim.o(.text)
    TIM_SetAutoreload                        0x0800af5d   Thumb Code     4  stm32f4xx_tim.o(.text)
    TIM_GetCounter                           0x0800af61   Thumb Code     4  stm32f4xx_tim.o(.text)
    TIM_GetPrescaler                         0x0800af65   Thumb Code     4  stm32f4xx_tim.o(.text)
    TIM_UpdateDisableConfig                  0x0800af69   Thumb Code    20  stm32f4xx_tim.o(.text)
    TIM_UpdateRequestConfig                  0x0800af7d   Thumb Code    20  stm32f4xx_tim.o(.text)
    TIM_ARRPreloadConfig                     0x0800af91   Thumb Code    20  stm32f4xx_tim.o(.text)
    TIM_SelectOnePulseMode                   0x0800afa5   Thumb Code    16  stm32f4xx_tim.o(.text)
    TIM_SetClockDivision                     0x0800afb5   Thumb Code    16  stm32f4xx_tim.o(.text)
    TIM_Cmd                                  0x0800afc5   Thumb Code    20  stm32f4xx_tim.o(.text)
    TIM_OC1Init                              0x0800afd9   Thumb Code    88  stm32f4xx_tim.o(.text)
    TIM_OC2Init                              0x0800b031   Thumb Code   120  stm32f4xx_tim.o(.text)
    TIM_OC3Init                              0x0800b0a9   Thumb Code   116  stm32f4xx_tim.o(.text)
    TIM_OC4Init                              0x0800b11d   Thumb Code    88  stm32f4xx_tim.o(.text)
    TIM_OCStructInit                         0x0800b175   Thumb Code    20  stm32f4xx_tim.o(.text)
    TIM_SelectOCxM                           0x0800b189   Thumb Code   130  stm32f4xx_tim.o(.text)
    TIM_SetCompare1                          0x0800b20b   Thumb Code     4  stm32f4xx_tim.o(.text)
    TIM_SetCompare2                          0x0800b20f   Thumb Code     4  stm32f4xx_tim.o(.text)
    TIM_SetCompare3                          0x0800b213   Thumb Code     4  stm32f4xx_tim.o(.text)
    TIM_SetCompare4                          0x0800b217   Thumb Code     4  stm32f4xx_tim.o(.text)
    TIM_ForcedOC1Config                      0x0800b21b   Thumb Code    12  stm32f4xx_tim.o(.text)
    TIM_ForcedOC2Config                      0x0800b227   Thumb Code    20  stm32f4xx_tim.o(.text)
    TIM_ForcedOC3Config                      0x0800b23b   Thumb Code    12  stm32f4xx_tim.o(.text)
    TIM_ForcedOC4Config                      0x0800b247   Thumb Code    20  stm32f4xx_tim.o(.text)
    TIM_OC1PreloadConfig                     0x0800b25b   Thumb Code    12  stm32f4xx_tim.o(.text)
    TIM_OC2PreloadConfig                     0x0800b267   Thumb Code    20  stm32f4xx_tim.o(.text)
    TIM_OC3PreloadConfig                     0x0800b27b   Thumb Code    12  stm32f4xx_tim.o(.text)
    TIM_OC4PreloadConfig                     0x0800b287   Thumb Code    20  stm32f4xx_tim.o(.text)
    TIM_OC1FastConfig                        0x0800b29b   Thumb Code    12  stm32f4xx_tim.o(.text)
    TIM_OC2FastConfig                        0x0800b2a7   Thumb Code    20  stm32f4xx_tim.o(.text)
    TIM_OC3FastConfig                        0x0800b2bb   Thumb Code    12  stm32f4xx_tim.o(.text)
    TIM_OC4FastConfig                        0x0800b2c7   Thumb Code    20  stm32f4xx_tim.o(.text)
    TIM_ClearOC1Ref                          0x0800b2db   Thumb Code    12  stm32f4xx_tim.o(.text)
    TIM_ClearOC2Ref                          0x0800b2e7   Thumb Code    20  stm32f4xx_tim.o(.text)
    TIM_ClearOC3Ref                          0x0800b2fb   Thumb Code    12  stm32f4xx_tim.o(.text)
    TIM_ClearOC4Ref                          0x0800b307   Thumb Code    20  stm32f4xx_tim.o(.text)
    TIM_OC1PolarityConfig                    0x0800b31b   Thumb Code    12  stm32f4xx_tim.o(.text)
    TIM_OC1NPolarityConfig                   0x0800b327   Thumb Code    12  stm32f4xx_tim.o(.text)
    TIM_OC2PolarityConfig                    0x0800b333   Thumb Code    20  stm32f4xx_tim.o(.text)
    TIM_OC2NPolarityConfig                   0x0800b347   Thumb Code    20  stm32f4xx_tim.o(.text)
    TIM_OC3PolarityConfig                    0x0800b35b   Thumb Code    20  stm32f4xx_tim.o(.text)
    TIM_OC3NPolarityConfig                   0x0800b36f   Thumb Code    20  stm32f4xx_tim.o(.text)
    TIM_OC4PolarityConfig                    0x0800b383   Thumb Code    20  stm32f4xx_tim.o(.text)
    TIM_CCxCmd                               0x0800b397   Thumb Code    22  stm32f4xx_tim.o(.text)
    TIM_CCxNCmd                              0x0800b3ad   Thumb Code    22  stm32f4xx_tim.o(.text)
    TIM_SetIC4Prescaler                      0x0800b3c3   Thumb Code    24  stm32f4xx_tim.o(.text)
    TIM_SetIC3Prescaler                      0x0800b3db   Thumb Code    16  stm32f4xx_tim.o(.text)
    TIM_SetIC2Prescaler                      0x0800b3eb   Thumb Code    24  stm32f4xx_tim.o(.text)
    TIM_SetIC1Prescaler                      0x0800b439   Thumb Code    16  stm32f4xx_tim.o(.text)
    TIM_ICInit                               0x0800b449   Thumb Code   164  stm32f4xx_tim.o(.text)
    TIM_ICStructInit                         0x0800b4ed   Thumb Code    16  stm32f4xx_tim.o(.text)
    TIM_PWMIConfig                           0x0800b4fd   Thumb Code   104  stm32f4xx_tim.o(.text)
    TIM_GetCapture1                          0x0800b565   Thumb Code     4  stm32f4xx_tim.o(.text)
    TIM_GetCapture2                          0x0800b569   Thumb Code     4  stm32f4xx_tim.o(.text)
    TIM_GetCapture3                          0x0800b56d   Thumb Code     4  stm32f4xx_tim.o(.text)
    TIM_GetCapture4                          0x0800b571   Thumb Code     4  stm32f4xx_tim.o(.text)
    TIM_BDTRConfig                           0x0800b575   Thumb Code    34  stm32f4xx_tim.o(.text)
    TIM_BDTRStructInit                       0x0800b597   Thumb Code    18  stm32f4xx_tim.o(.text)
    TIM_CtrlPWMOutputs                       0x0800b5a9   Thumb Code    22  stm32f4xx_tim.o(.text)
    TIM_SelectCOM                            0x0800b5bf   Thumb Code    20  stm32f4xx_tim.o(.text)
    TIM_CCPreloadControl                     0x0800b5d3   Thumb Code    20  stm32f4xx_tim.o(.text)
    TIM_ITConfig                             0x0800b5e7   Thumb Code    16  stm32f4xx_tim.o(.text)
    TIM_GenerateEvent                        0x0800b5f7   Thumb Code     4  stm32f4xx_tim.o(.text)
    TIM_GetFlagStatus                        0x0800b5fb   Thumb Code    14  stm32f4xx_tim.o(.text)
    TIM_ClearFlag                            0x0800b609   Thumb Code     6  stm32f4xx_tim.o(.text)
    TIM_GetITStatus                          0x0800b60f   Thumb Code    24  stm32f4xx_tim.o(.text)
    TIM_ClearITPendingBit                    0x0800b627   Thumb Code     6  stm32f4xx_tim.o(.text)
    TIM_DMAConfig                            0x0800b62d   Thumb Code     8  stm32f4xx_tim.o(.text)
    TIM_DMACmd                               0x0800b635   Thumb Code    16  stm32f4xx_tim.o(.text)
    TIM_SelectCCDMA                          0x0800b645   Thumb Code    20  stm32f4xx_tim.o(.text)
    TIM_InternalClockConfig                  0x0800b659   Thumb Code    10  stm32f4xx_tim.o(.text)
    TIM_SelectInputTrigger                   0x0800b663   Thumb Code    12  stm32f4xx_tim.o(.text)
    TIM_ITRxExternalClockConfig              0x0800b66f   Thumb Code    18  stm32f4xx_tim.o(.text)
    TIM_TIxExternalClockConfig               0x0800b681   Thumb Code    46  stm32f4xx_tim.o(.text)
    TIM_ETRConfig                            0x0800b6af   Thumb Code    24  stm32f4xx_tim.o(.text)
    TIM_ETRClockMode1Config                  0x0800b6c7   Thumb Code    18  stm32f4xx_tim.o(.text)
    TIM_ETRClockMode2Config                  0x0800b6d9   Thumb Code    18  stm32f4xx_tim.o(.text)
    TIM_SelectOutputTrigger                  0x0800b6eb   Thumb Code    16  stm32f4xx_tim.o(.text)
    TIM_SelectSlaveMode                      0x0800b6fb   Thumb Code    16  stm32f4xx_tim.o(.text)
    TIM_SelectMasterSlaveMode                0x0800b70b   Thumb Code    16  stm32f4xx_tim.o(.text)
    TIM_EncoderInterfaceConfig               0x0800b71b   Thumb Code    50  stm32f4xx_tim.o(.text)
    TIM_SelectHallSensor                     0x0800b74d   Thumb Code    20  stm32f4xx_tim.o(.text)
    TIM_RemapConfig                          0x0800b761   Thumb Code     6  stm32f4xx_tim.o(.text)
    USART_DeInit                             0x0800b795   Thumb Code   114  stm32f4xx_usart.o(.text)
    USART_Init                               0x0800b807   Thumb Code   174  stm32f4xx_usart.o(.text)
    USART_StructInit                         0x0800b8b5   Thumb Code    22  stm32f4xx_usart.o(.text)
    USART_ClockInit                          0x0800b8cb   Thumb Code    28  stm32f4xx_usart.o(.text)
    USART_ClockStructInit                    0x0800b8e7   Thumb Code    12  stm32f4xx_usart.o(.text)
    USART_Cmd                                0x0800b8f3   Thumb Code    20  stm32f4xx_usart.o(.text)
    USART_SetPrescaler                       0x0800b907   Thumb Code    16  stm32f4xx_usart.o(.text)
    USART_OverSampling8Cmd                   0x0800b917   Thumb Code    20  stm32f4xx_usart.o(.text)
    USART_OneBitMethodCmd                    0x0800b92b   Thumb Code    20  stm32f4xx_usart.o(.text)
    USART_SendData                           0x0800b93f   Thumb Code     8  stm32f4xx_usart.o(.text)
    USART_ReceiveData                        0x0800b947   Thumb Code     8  stm32f4xx_usart.o(.text)
    USART_SetAddress                         0x0800b94f   Thumb Code    16  stm32f4xx_usart.o(.text)
    USART_ReceiverWakeUpCmd                  0x0800b95f   Thumb Code    20  stm32f4xx_usart.o(.text)
    USART_WakeUpConfig                       0x0800b973   Thumb Code    16  stm32f4xx_usart.o(.text)
    USART_LINBreakDetectLengthConfig         0x0800b983   Thumb Code    16  stm32f4xx_usart.o(.text)
    USART_LINCmd                             0x0800b993   Thumb Code    20  stm32f4xx_usart.o(.text)
    USART_SendBreak                          0x0800b9a7   Thumb Code    10  stm32f4xx_usart.o(.text)
    USART_HalfDuplexCmd                      0x0800b9b1   Thumb Code    20  stm32f4xx_usart.o(.text)
    USART_SetGuardTime                       0x0800b9c5   Thumb Code    16  stm32f4xx_usart.o(.text)
    USART_SmartCardCmd                       0x0800b9d5   Thumb Code    20  stm32f4xx_usart.o(.text)
    USART_SmartCardNACKCmd                   0x0800b9e9   Thumb Code    20  stm32f4xx_usart.o(.text)
    USART_IrDAConfig                         0x0800b9fd   Thumb Code    16  stm32f4xx_usart.o(.text)
    USART_IrDACmd                            0x0800ba0d   Thumb Code    20  stm32f4xx_usart.o(.text)
    USART_DMACmd                             0x0800ba21   Thumb Code    16  stm32f4xx_usart.o(.text)
    USART_ITConfig                           0x0800ba31   Thumb Code    48  stm32f4xx_usart.o(.text)
    USART_GetFlagStatus                      0x0800ba61   Thumb Code    14  stm32f4xx_usart.o(.text)
    USART_ClearFlag                          0x0800ba6f   Thumb Code     6  stm32f4xx_usart.o(.text)
    USART_GetITStatus                        0x0800ba75   Thumb Code    62  stm32f4xx_usart.o(.text)
    USART_ClearITPendingBit                  0x0800bab3   Thumb Code    12  stm32f4xx_usart.o(.text)
    SPI_I2S_DeInit                           0x0800bad9   Thumb Code    72  stm32f4xx_spi.o(.text)
    SPI_Init                                 0x0800bb21   Thumb Code    56  stm32f4xx_spi.o(.text)
    I2S_Init                                 0x0800bb59   Thumb Code   188  stm32f4xx_spi.o(.text)
    SPI_StructInit                           0x0800bc15   Thumb Code    24  stm32f4xx_spi.o(.text)
    I2S_StructInit                           0x0800bc2d   Thumb Code    18  stm32f4xx_spi.o(.text)
    SPI_Cmd                                  0x0800bc3f   Thumb Code    20  stm32f4xx_spi.o(.text)
    I2S_Cmd                                  0x0800bc53   Thumb Code    20  stm32f4xx_spi.o(.text)
    SPI_DataSizeConfig                       0x0800bc67   Thumb Code    16  stm32f4xx_spi.o(.text)
    SPI_BiDirectionalLineConfig              0x0800bc77   Thumb Code    22  stm32f4xx_spi.o(.text)
    SPI_NSSInternalSoftwareConfig            0x0800bc8d   Thumb Code    24  stm32f4xx_spi.o(.text)
    SPI_SSOutputCmd                          0x0800bca5   Thumb Code    20  stm32f4xx_spi.o(.text)
    SPI_TIModeCmd                            0x0800bcb9   Thumb Code    20  stm32f4xx_spi.o(.text)
    I2S_FullDuplexConfig                     0x0800bccd   Thumb Code    58  stm32f4xx_spi.o(.text)
    SPI_I2S_ReceiveData                      0x0800bd07   Thumb Code     4  stm32f4xx_spi.o(.text)
    SPI_I2S_SendData                         0x0800bd0b   Thumb Code     4  stm32f4xx_spi.o(.text)
    SPI_CalculateCRC                         0x0800bd0f   Thumb Code    20  stm32f4xx_spi.o(.text)
    SPI_TransmitCRC                          0x0800bd23   Thumb Code    10  stm32f4xx_spi.o(.text)
    SPI_GetCRC                               0x0800bd2d   Thumb Code    12  stm32f4xx_spi.o(.text)
    SPI_GetCRCPolynomial                     0x0800bd39   Thumb Code     4  stm32f4xx_spi.o(.text)
    SPI_I2S_DMACmd                           0x0800bd3d   Thumb Code    16  stm32f4xx_spi.o(.text)
    SPI_I2S_ITConfig                         0x0800bd4d   Thumb Code    24  stm32f4xx_spi.o(.text)
    SPI_I2S_GetFlagStatus                    0x0800bd65   Thumb Code    14  stm32f4xx_spi.o(.text)
    SPI_I2S_ClearFlag                        0x0800bd73   Thumb Code     6  stm32f4xx_spi.o(.text)
    SPI_I2S_GetITStatus                      0x0800bd79   Thumb Code    44  stm32f4xx_spi.o(.text)
    SPI_I2S_ClearITPendingBit                0x0800bda5   Thumb Code    14  stm32f4xx_spi.o(.text)
    FSMC_NORSRAMDeInit                       0x0800bdc9   Thumb Code    36  stm32f4xx_fsmc.o(.text)
    FSMC_NORSRAMInit                         0x0800bded   Thumb Code   192  stm32f4xx_fsmc.o(.text)
    FSMC_NORSRAMStructInit                   0x0800bead   Thumb Code    98  stm32f4xx_fsmc.o(.text)
    FSMC_NORSRAMCmd                          0x0800bf0f   Thumb Code    28  stm32f4xx_fsmc.o(.text)
    FSMC_NANDDeInit                          0x0800bf2b   Thumb Code    40  stm32f4xx_fsmc.o(.text)
    FSMC_NANDInit                            0x0800bf53   Thumb Code   104  stm32f4xx_fsmc.o(.text)
    FSMC_NANDStructInit                      0x0800bfbb   Thumb Code    54  stm32f4xx_fsmc.o(.text)
    FSMC_NANDCmd                             0x0800bff1   Thumb Code    54  stm32f4xx_fsmc.o(.text)
    FSMC_NANDECCCmd                          0x0800c027   Thumb Code    54  stm32f4xx_fsmc.o(.text)
    FSMC_GetECC                              0x0800c05d   Thumb Code    18  stm32f4xx_fsmc.o(.text)
    FSMC_PCCARDDeInit                        0x0800c06f   Thumb Code    22  stm32f4xx_fsmc.o(.text)
    FSMC_PCCARDInit                          0x0800c085   Thumb Code    98  stm32f4xx_fsmc.o(.text)
    FSMC_PCCARDStructInit                    0x0800c0e7   Thumb Code    60  stm32f4xx_fsmc.o(.text)
    FSMC_PCCARDCmd                           0x0800c123   Thumb Code    24  stm32f4xx_fsmc.o(.text)
    FSMC_ITConfig                            0x0800c13b   Thumb Code    68  stm32f4xx_fsmc.o(.text)
    FSMC_GetFlagStatus                       0x0800c17f   Thumb Code    40  stm32f4xx_fsmc.o(.text)
    FSMC_ClearFlag                           0x0800c1a7   Thumb Code    36  stm32f4xx_fsmc.o(.text)
    FSMC_GetITStatus                         0x0800c1cb   Thumb Code    48  stm32f4xx_fsmc.o(.text)
    FSMC_ClearITPendingBit                   0x0800c1fb   Thumb Code    40  stm32f4xx_fsmc.o(.text)
    rand                                     0x0800c22d   Thumb Code    20  rand.o(.text)
    srand                                    0x0800c241   Thumb Code     6  rand.o(.text)
    __aeabi_memset                           0x0800c251   Thumb Code    14  memseta.o(.text)
    __aeabi_memset4                          0x0800c251   Thumb Code     0  memseta.o(.text)
    __aeabi_memset8                          0x0800c251   Thumb Code     0  memseta.o(.text)
    __aeabi_memclr                           0x0800c25f   Thumb Code     4  memseta.o(.text)
    __aeabi_memclr4                          0x0800c25f   Thumb Code     0  memseta.o(.text)
    __aeabi_memclr8                          0x0800c25f   Thumb Code     0  memseta.o(.text)
    _memset$wrapper                          0x0800c263   Thumb Code    18  memseta.o(.text)
    __aeabi_fadd                             0x0800c275   Thumb Code   164  fadd.o(.text)
    __aeabi_fsub                             0x0800c319   Thumb Code     6  fadd.o(.text)
    __aeabi_frsub                            0x0800c31f   Thumb Code     6  fadd.o(.text)
    __aeabi_fmul                             0x0800c325   Thumb Code   108  fmul.o(.text)
    __aeabi_fdiv                             0x0800c391   Thumb Code   128  fdiv.o(.text)
    __ARM_scalbnf                            0x0800c411   Thumb Code    24  fscalb.o(.text)
    scalbnf                                  0x0800c411   Thumb Code     0  fscalb.o(.text)
    __aeabi_dadd                             0x0800c429   Thumb Code   322  dadd.o(.text)
    __aeabi_dsub                             0x0800c56b   Thumb Code     6  dadd.o(.text)
    __aeabi_drsub                            0x0800c571   Thumb Code     6  dadd.o(.text)
    __aeabi_dmul                             0x0800c577   Thumb Code   228  dmul.o(.text)
    __aeabi_ddiv                             0x0800c65b   Thumb Code   222  ddiv.o(.text)
    __aeabi_i2f                              0x0800c739   Thumb Code    18  fflti.o(.text)
    __aeabi_ui2f                             0x0800c74b   Thumb Code    10  ffltui.o(.text)
    __aeabi_ul2f                             0x0800c755   Thumb Code    28  ffltul.o(.text)
    __aeabi_i2d                              0x0800c771   Thumb Code    34  dflti.o(.text)
    __aeabi_ui2d                             0x0800c793   Thumb Code    26  dfltui.o(.text)
    __aeabi_f2iz                             0x0800c7ad   Thumb Code    50  ffixi.o(.text)
    __aeabi_f2uiz                            0x0800c7df   Thumb Code    40  ffixui.o(.text)
    __aeabi_f2ulz                            0x0800c807   Thumb Code    44  ffixul.o(.text)
    __aeabi_d2iz                             0x0800c833   Thumb Code    62  dfixi.o(.text)
    __aeabi_d2uiz                            0x0800c871   Thumb Code    50  dfixui.o(.text)
    __aeabi_f2d                              0x0800c8a3   Thumb Code    38  f2d.o(.text)
    __aeabi_cdcmpeq                          0x0800c8c9   Thumb Code     0  cdcmple.o(.text)
    __aeabi_cdcmple                          0x0800c8c9   Thumb Code    38  cdcmple.o(.text)
    __aeabi_cdrcmple                         0x0800c8f1   Thumb Code    38  cdrcmple.o(.text)
    __aeabi_d2f                              0x0800c919   Thumb Code    56  d2f.o(.text)
    __aeabi_cfcmpeq                          0x0800c951   Thumb Code     0  cfcmple.o(.text)
    __aeabi_cfcmple                          0x0800c951   Thumb Code    20  cfcmple.o(.text)
    __aeabi_cfrcmple                         0x0800c965   Thumb Code    20  cfrcmple.o(.text)
    __aeabi_uidiv                            0x0800c979   Thumb Code     0  uidiv.o(.text)
    __aeabi_uidivmod                         0x0800c979   Thumb Code    44  uidiv.o(.text)
    __aeabi_uldivmod                         0x0800c9a5   Thumb Code    98  uldiv.o(.text)
    __aeabi_llsl                             0x0800ca07   Thumb Code    30  llshl.o(.text)
    _ll_shift_l                              0x0800ca07   Thumb Code     0  llshl.o(.text)
    __aeabi_llsr                             0x0800ca25   Thumb Code    32  llushr.o(.text)
    _ll_ushift_r                             0x0800ca25   Thumb Code     0  llushr.o(.text)
    __aeabi_lasr                             0x0800ca45   Thumb Code    36  llsshr.o(.text)
    _ll_sshift_r                             0x0800ca45   Thumb Code     0  llsshr.o(.text)
    __I$use$fp                               0x0800ca69   Thumb Code     0  iusefp.o(.text)
    _float_round                             0x0800ca69   Thumb Code    18  fepilogue.o(.text)
    _float_epilogue                          0x0800ca7b   Thumb Code    90  fepilogue.o(.text)
    _double_round                            0x0800cad5   Thumb Code    26  depilogue.o(.text)
    _double_epilogue                         0x0800caef   Thumb Code   164  depilogue.o(.text)
    __ARM_scalbn                             0x0800cb93   Thumb Code    46  dscalb.o(.text)
    scalbn                                   0x0800cb93   Thumb Code     0  dscalb.o(.text)
    _dsqrt                                   0x0800cbc1   Thumb Code   162  dsqrt.o(.text)
    __aeabi_d2ulz                            0x0800cc63   Thumb Code    48  dfixul.o(.text)
    __scatterload                            0x0800cc95   Thumb Code    28  init.o(.text)
    __scatterload_rt2                        0x0800cc95   Thumb Code     0  init.o(.text)
    __decompress                             0x0800ccb9   Thumb Code     0  __dclz77c.o(.text)
    __decompress2                            0x0800ccb9   Thumb Code    96  __dclz77c.o(.text)
    __0vprintf                               0x0800cd19   Thumb Code     8  printfa.o(i.__0vprintf)
    __1vprintf                               0x0800cd19   Thumb Code     0  printfa.o(i.__0vprintf)
    __2vprintf                               0x0800cd19   Thumb Code     0  printfa.o(i.__0vprintf)
    __c89vprintf                             0x0800cd19   Thumb Code     0  printfa.o(i.__0vprintf)
    vprintf                                  0x0800cd19   Thumb Code     0  printfa.o(i.__0vprintf)
    __ARM_fpclassify                         0x0800cd29   Thumb Code    40  fpclassify.o(i.__ARM_fpclassify)
    __ieee754_rem_pio2                       0x0800cd51   Thumb Code   832  rred.o(i.__ieee754_rem_pio2)
    __kernel_cos                             0x0800d0d9   Thumb Code   230  cos_i.o(i.__kernel_cos)
    __kernel_poly                            0x0800d1d5   Thumb Code   170  poly.o(i.__kernel_poly)
    __kernel_sin                             0x0800d281   Thumb Code   224  sin_i.o(i.__kernel_sin)
    __mathlib_dbl_underflow                  0x0800d36d   Thumb Code    10  dunder.o(i.__mathlib_dbl_underflow)
    __scatterload_copy                       0x0800d37d   Thumb Code    14  handlers.o(i.__scatterload_copy)
    __scatterload_null                       0x0800d38b   Thumb Code     2  handlers.o(i.__scatterload_null)
    __scatterload_zeroinit                   0x0800d38d   Thumb Code    14  handlers.o(i.__scatterload_zeroinit)
    __set_errno                              0x0800d39d   Thumb Code     6  errno.o(i.__set_errno)
    asin                                     0x0800dc4d   Thumb Code   584  asin.o(i.asin)
    atan                                     0x0800dec9   Thumb Code   478  atan.o(i.atan)
    atan2                                    0x0800e0ed   Thumb Code   346  atan2.o(i.atan2)
    cos                                      0x0800e26d   Thumb Code   164  cos.o(i.cos)
    sin                                      0x0800e319   Thumb Code   166  sin.o(i.sin)
    sqrt                                     0x0800e3c9   Thumb Code    76  sqrt.o(i.sqrt)
    __mathlib_zero                           0x0800e610   Data           8  qnan.o(.constdata)
    Region$$Table$$Base                      0x0800ea2c   Number         0  anon$$obj.o(Region$$Table)
    Region$$Table$$Limit                     0x0800ea4c   Number         0  anon$$obj.o(Region$$Table)
    CELL                                     0x20000000   Data           2  voltage_fb.o(.data)
    Sudoku_source                            0x20000064   Data          81  sudoku.o(.data)
    DIRx                                     0x20000100   Data           1  app_snake.o(.data)
    DIRy                                     0x20000101   Data           1  app_snake.o(.data)
    Bluetooth_ATMode                         0x20000138   Data           1  bluetooth.o(.data)
    Bluetooth_StopBit                        0x2000013a   Data           2  bluetooth.o(.data)
    Bluetooth_Parity                         0x2000013c   Data           2  bluetooth.o(.data)
    Bluetooth_Baudrate                       0x20000140   Data           4  bluetooth.o(.data)
    Bluetooth_ConnectMode                    0x20000144   Data           1  bluetooth.o(.data)
    Bluetooth_Role                           0x20000145   Data           1  bluetooth.o(.data)
    ms_Tick                                  0x20000284   Data           4  timing_manage.o(.data)
    ASCII16x24                               0x20000288   Data        4560  asciilib.o(.data)
    ASCII8x16                                0x20001458   Data        3040  asciilib.o(.data)
    ASCII8x12                                0x20002038   Data        2280  asciilib.o(.data)
    LastPointX                               0x20002b4a   Data           2  tft_touchpanel.o(.data)
    LastPointY                               0x20002b4c   Data           2  tft_touchpanel.o(.data)
    TFT_Rev                                  0x20002b4e   Data           1  tft_ssd1289.o(.data)
    TFT_Width                                0x20002b50   Data           2  tft_ssd1289.o(.data)
    TFT_Height                               0x20002b52   Data           2  tft_ssd1289.o(.data)
    i2c_debug_Count                          0x20002b54   Data           4  dev_i2c.o(.data)
    ITHandler                                0x20002b58   Data           1  dev_timer.o(.data)
    Capture_10                               0x20002b5a   Data           2  dev_timer.o(.data)
    Capture_11                               0x20002b5c   Data           2  dev_timer.o(.data)
    NVIC_InitStructure                       0x20002b5e   Data           4  dev_timer.o(.data)
    DevUSART_BUFF                            0x20002b62   Data           3  dev_usart.o(.data)
    SystemCoreClock                          0x20002b68   Data           4  system_stm32f4xx.o(.data)
    AHBPrescTable                            0x20002b6c   Data          16  system_stm32f4xx.o(.data)
    __stdout                                 0x20002b90   Data           4  stdout.o(.data)
    GPIOLIST                                 0x20002bd0   Data          80  input.o(.bss)
    PUZZLE                                   0x20002d28   Data        1134  sudoku_layout.o(.bss)
    SudokuChoice                             0x20003198   Data         360  sudoku_layout.o(.bss)
    SudokuButton                             0x20003300   Data         180  sudoku_layout.o(.bss)
    Bluetooth_DeviceList                     0x20004418   Data         432  bluetooth.o(.bss)
    Bluetooth_Button                         0x200045c8   Data         252  bluetooth_layout.o(.bss)
    Bluetooth_UART                           0x200046c4   Data         792  bluetooth_layout.o(.bss)
    Bluetooth_DeviceChoice                   0x200049dc   Data         432  bluetooth_layout.o(.bss)
    Bluetooth_ATBuff                         0x20004b8c   Data         360  bluetooth_atcmd.o(.bss)
    MPU6050_RegDebug                         0x20004f4c   Data         117  mpu6050.o(.bss)
    LCD_Clock                                0x20004fc2   Data          10  timing_manage.o(.bss)
    ADCBUFF                                  0x20006454   Data          10  dev_adc.o(.bss)
    IMU                                      0x20006460   Data         160  dev_i2c.o(.bss)
    EEPROM                                   0x20006500   Data         160  dev_i2c.o(.bss)
    DMA_I2C_InitStructure                    0x200065a0   Data          60  dev_i2c.o(.bss)
    TIM_OCInitStructure                      0x200065dc   Data          20  dev_timer.o(.bss)
    USART_1                                  0x200065f0   Data          72  dev_usart.o(.bss)
    DMA_USART_InitStructure                  0x20006638   Data          60  dev_usart.o(.bss)
    __initial_sp                             0x20006a78   Data           0  startup_stm32f4xx.o(STACK)



==============================================================================

Memory Map of the image

  Image Entry point : 0x08000189

  Load Region LR_IROM1 (Base: 0x08000000, Size: 0x000115e4, Max: 0x00080000, ABSOLUTE, COMPRESSED[0x0000f940])

    Execution Region ER_IROM1 (Base: 0x08000000, Size: 0x0000ea4c, Max: 0x00080000, ABSOLUTE)

    Base Addr    Size         Type   Attr      Idx    E Section Name        Object

    0x08000000   0x00000188   Data   RO         1156    RESET               startup_stm32f4xx.o
    0x08000188   0x00000000   Code   RO         1446  * .ARM.Collect$$$$00000000  mc_w.l(entry.o)
    0x08000188   0x00000004   Code   RO         1549    .ARM.Collect$$$$00000001  mc_w.l(entry2.o)
    0x0800018c   0x00000004   Code   RO         1552    .ARM.Collect$$$$00000004  mc_w.l(entry5.o)
    0x08000190   0x00000000   Code   RO         1554    .ARM.Collect$$$$00000008  mc_w.l(entry7b.o)
    0x08000190   0x00000000   Code   RO         1556    .ARM.Collect$$$$0000000A  mc_w.l(entry8b.o)
    0x08000190   0x00000008   Code   RO         1557    .ARM.Collect$$$$0000000B  mc_w.l(entry9a.o)
    0x08000198   0x00000000   Code   RO         1559    .ARM.Collect$$$$0000000D  mc_w.l(entry10a.o)
    0x08000198   0x00000000   Code   RO         1561    .ARM.Collect$$$$0000000F  mc_w.l(entry11a.o)
    0x08000198   0x00000004   Code   RO         1550    .ARM.Collect$$$$00002712  mc_w.l(entry2.o)
    0x0800019c   0x00000028   Code   RO            2    .text               main.o
    0x080001c4   0x00000108   Code   RO          214    .text               voltage_fb.o
    0x080002cc   0x00000468   Code   RO          238    .text               rgb.o
    0x08000734   0x000001c8   Code   RO          275    .text               input.o
    0x080008fc   0x000002e8   Code   RO          302    .text               app_main.o
    0x08000be4   0x000001e0   Code   RO          367    .text               sudoku.o
    0x08000dc4   0x00000760   Code   RO          402    .text               sudoku_event.o
    0x08001524   0x00000308   Code   RO          425    .text               sudoku_layout.o
    0x0800182c   0x00000a68   Code   RO          449    .text               app_snake.o
    0x08002294   0x00000284   Code   RO          477    .text               bluetooth.o
    0x08002518   0x000007e8   Code   RO          518    .text               bluetooth_event.o
    0x08002d00   0x000006d4   Code   RO          549    .text               bluetooth_layout.o
    0x080033d4   0x0000123c   Code   RO          616    .text               bluetooth_atcmd.o
    0x08004610   0x000004a0   Code   RO          644    .text               app_robotarm.o
    0x08004ab0   0x000005b4   Code   RO          674    .text               app_shellmo.o
    0x08005064   0x0000036c   Code   RO          695    .text               app_test.o
    0x080053d0   0x0000079c   Code   RO          711    .text               app_imu.o
    0x08005b6c   0x0000034c   Code   RO          735    .text               mpu6050.o
    0x08005eb8   0x00000bb4   Code   RO          758    .text               sensor_data.o
    0x08006a6c   0x00000128   Code   RO          793    .text               timing_manage.o
    0x08006b94   0x00000330   Code   RO          839    .text               tftservice_dialog.o
    0x08006ec4   0x0000067c   Code   RO          864    .text               tftservice_draw.o
    0x08007540   0x00000334   Code   RO          882    .text               tftservice_text.o
    0x08007874   0x00000654   Code   RO          915    .text               tftservice_keyboard.o
    0x08007ec8   0x000002ca   Code   RO          938    .text               tftservice_trackbar.o
    0x08008192   0x00000002   PAD
    0x08008194   0x00000174   Code   RO          957    .text               tftservice_button.o
    0x08008308   0x000001a0   Code   RO          973    .text               tft_touchpanel.o
    0x080084a8   0x00000520   Code   RO         1005    .text               tft_ssd1289.o
    0x080089c8   0x00000320   Code   RO         1030    .text               tft_xpt2046.o
    0x08008ce8   0x00000154   Code   RO         1050    .text               dev_adc.o
    0x08008e3c   0x000006f4   Code   RO         1079    .text               dev_i2c.o
    0x08009530   0x00000334   Code   RO         1102    .text               dev_timer.o
    0x08009864   0x000003a0   Code   RO         1131    .text               dev_usart.o
    0x08009c04   0x00000024   Code   RO         1157    .text               startup_stm32f4xx.o
    0x08009c28   0x00000170   Code   RO         1162    .text               system_stm32f4xx.o
    0x08009d98   0x000000b0   Code   RO         1200    .text               misc.o
    0x08009e48   0x00000354   Code   RO         1216    .text               stm32f4xx_adc.o
    0x0800a19c   0x00000320   Code   RO         1232    .text               stm32f4xx_dma.o
    0x0800a4bc   0x000001ec   Code   RO         1264    .text               stm32f4xx_gpio.o
    0x0800a6a8   0x0000033c   Code   RO         1280    .text               stm32f4xx_i2c.o
    0x0800a9e4   0x000003d4   Code   RO         1296    .text               stm32f4xx_rcc.o
    0x0800adb8   0x000009dc   Code   RO         1314    .text               stm32f4xx_tim.o
    0x0800b794   0x00000344   Code   RO         1331    .text               stm32f4xx_usart.o
    0x0800bad8   0x000002f0   Code   RO         1363    .text               stm32f4xx_spi.o
    0x0800bdc8   0x00000464   Code   RO         1379    .text               stm32f4xx_fsmc.o
    0x0800c22c   0x00000024   Code   RO         1449    .text               mc_w.l(rand.o)
    0x0800c250   0x00000024   Code   RO         1452    .text               mc_w.l(memseta.o)
    0x0800c274   0x000000b0   Code   RO         1482    .text               mf_w.l(fadd.o)
    0x0800c324   0x0000006c   Code   RO         1484    .text               mf_w.l(fmul.o)
    0x0800c390   0x00000080   Code   RO         1486    .text               mf_w.l(fdiv.o)
    0x0800c410   0x00000018   Code   RO         1488    .text               mf_w.l(fscalb.o)
    0x0800c428   0x0000014e   Code   RO         1490    .text               mf_w.l(dadd.o)
    0x0800c576   0x000000e4   Code   RO         1492    .text               mf_w.l(dmul.o)
    0x0800c65a   0x000000de   Code   RO         1494    .text               mf_w.l(ddiv.o)
    0x0800c738   0x00000012   Code   RO         1496    .text               mf_w.l(fflti.o)
    0x0800c74a   0x0000000a   Code   RO         1498    .text               mf_w.l(ffltui.o)
    0x0800c754   0x0000001c   Code   RO         1500    .text               mf_w.l(ffltul.o)
    0x0800c770   0x00000022   Code   RO         1502    .text               mf_w.l(dflti.o)
    0x0800c792   0x0000001a   Code   RO         1504    .text               mf_w.l(dfltui.o)
    0x0800c7ac   0x00000032   Code   RO         1506    .text               mf_w.l(ffixi.o)
    0x0800c7de   0x00000028   Code   RO         1508    .text               mf_w.l(ffixui.o)
    0x0800c806   0x0000002c   Code   RO         1510    .text               mf_w.l(ffixul.o)
    0x0800c832   0x0000003e   Code   RO         1512    .text               mf_w.l(dfixi.o)
    0x0800c870   0x00000032   Code   RO         1514    .text               mf_w.l(dfixui.o)
    0x0800c8a2   0x00000026   Code   RO         1516    .text               mf_w.l(f2d.o)
    0x0800c8c8   0x00000028   Code   RO         1518    .text               mf_w.l(cdcmple.o)
    0x0800c8f0   0x00000028   Code   RO         1520    .text               mf_w.l(cdrcmple.o)
    0x0800c918   0x00000038   Code   RO         1522    .text               mf_w.l(d2f.o)
    0x0800c950   0x00000014   Code   RO         1524    .text               mf_w.l(cfcmple.o)
    0x0800c964   0x00000014   Code   RO         1526    .text               mf_w.l(cfrcmple.o)
    0x0800c978   0x0000002c   Code   RO         1564    .text               mc_w.l(uidiv.o)
    0x0800c9a4   0x00000062   Code   RO         1566    .text               mc_w.l(uldiv.o)
    0x0800ca06   0x0000001e   Code   RO         1568    .text               mc_w.l(llshl.o)
    0x0800ca24   0x00000020   Code   RO         1570    .text               mc_w.l(llushr.o)
    0x0800ca44   0x00000024   Code   RO         1572    .text               mc_w.l(llsshr.o)
    0x0800ca68   0x00000000   Code   RO         1581    .text               mc_w.l(iusefp.o)
    0x0800ca68   0x0000006c   Code   RO         1582    .text               mf_w.l(fepilogue.o)
    0x0800cad4   0x000000be   Code   RO         1584    .text               mf_w.l(depilogue.o)
    0x0800cb92   0x0000002e   Code   RO         1586    .text               mf_w.l(dscalb.o)
    0x0800cbc0   0x000000a2   Code   RO         1588    .text               mf_w.l(dsqrt.o)
    0x0800cc62   0x00000030   Code   RO         1590    .text               mf_w.l(dfixul.o)
    0x0800cc92   0x00000002   PAD
    0x0800cc94   0x00000024   Code   RO         1592    .text               mc_w.l(init.o)
    0x0800ccb8   0x00000060   Code   RO         1602    .text               mc_w.l(__dclz77c.o)
    0x0800cd18   0x00000010   Code   RO         1459    i.__0vprintf        mc_w.l(printfa.o)
    0x0800cd28   0x00000028   Code   RO         1533    i.__ARM_fpclassify  m_ws.l(fpclassify.o)
    0x0800cd50   0x00000388   Code   RO         1538    i.__ieee754_rem_pio2  m_ws.l(rred.o)
    0x0800d0d8   0x000000fc   Code   RO         1528    i.__kernel_cos      m_ws.l(cos_i.o)
    0x0800d1d4   0x000000aa   Code   RO         1535    i.__kernel_poly     m_ws.l(poly.o)
    0x0800d27e   0x00000002   PAD
    0x0800d280   0x000000ec   Code   RO         1543    i.__kernel_sin      m_ws.l(sin_i.o)
    0x0800d36c   0x00000010   Code   RO         1531    i.__mathlib_dbl_underflow  m_ws.l(dunder.o)
    0x0800d37c   0x0000000e   Code   RO         1596    i.__scatterload_copy  mc_w.l(handlers.o)
    0x0800d38a   0x00000002   Code   RO         1597    i.__scatterload_null  mc_w.l(handlers.o)
    0x0800d38c   0x0000000e   Code   RO         1598    i.__scatterload_zeroinit  mc_w.l(handlers.o)
    0x0800d39a   0x00000002   PAD
    0x0800d39c   0x0000000c   Code   RO         1576    i.__set_errno       mc_w.l(errno.o)
    0x0800d3a8   0x0000015c   Code   RO         1462    i._fp_digits        mc_w.l(printfa.o)
    0x0800d504   0x000006f0   Code   RO         1463    i._printf_core      mc_w.l(printfa.o)
    0x0800dbf4   0x00000026   Code   RO         1464    i._printf_post_padding  mc_w.l(printfa.o)
    0x0800dc1a   0x00000030   Code   RO         1465    i._printf_pre_padding  mc_w.l(printfa.o)
    0x0800dc4a   0x00000002   PAD
    0x0800dc4c   0x0000027c   Code   RO         1395    i.asin              m_ws.l(asin.o)
    0x0800dec8   0x00000224   Code   RO         1405    i.atan              m_ws.l(atan.o)
    0x0800e0ec   0x00000180   Code   RO         1415    i.atan2             m_ws.l(atan2.o)
    0x0800e26c   0x000000ac   Code   RO         1423    i.cos               m_ws.l(cos.o)
    0x0800e318   0x000000b0   Code   RO         1431    i.sin               m_ws.l(sin.o)
    0x0800e3c8   0x0000004c   Code   RO         1439    i.sqrt              m_ws.l(sqrt.o)
    0x0800e414   0x000000e2   Data   RO          404    .constdata          sudoku_event.o
    0x0800e4f6   0x00000002   PAD
    0x0800e4f8   0x00000050   Data   RO         1396    .constdata          m_ws.l(asin.o)
    0x0800e548   0x00000098   Data   RO         1406    .constdata          m_ws.l(atan.o)
    0x0800e5e0   0x00000030   Data   RO         1529    .constdata          m_ws.l(cos_i.o)
    0x0800e610   0x00000008   Data   RO         1537    .constdata          m_ws.l(qnan.o)
    0x0800e618   0x000000c8   Data   RO         1540    .constdata          m_ws.l(rred.o)
    0x0800e6e0   0x00000028   Data   RO         1544    .constdata          m_ws.l(sin_i.o)
    0x0800e708   0x00000054   Data   RO          304    .conststring        app_main.o
    0x0800e75c   0x00000046   Data   RO          427    .conststring        sudoku_layout.o
    0x0800e7a2   0x0000002c   Data   RO          451    .conststring        app_snake.o
    0x0800e7ce   0x00000117   Data   RO          551    .conststring        bluetooth_layout.o
    0x0800e8e5   0x00000033   Data   RO          618    .conststring        bluetooth_atcmd.o
    0x0800e918   0x00000018   Data   RO          646    .conststring        app_robotarm.o
    0x0800e930   0x00000018   Data   RO          676    .conststring        app_shellmo.o
    0x0800e948   0x00000021   Data   RO          713    .conststring        app_imu.o
    0x0800e969   0x00000010   Data   RO          840    .conststring        tftservice_dialog.o
    0x0800e979   0x000000b2   Data   RO          917    .conststring        tftservice_keyboard.o
    0x0800ea2b   0x00000001   PAD
    0x0800ea2c   0x00000020   Data   RO         1594    Region$$Table       anon$$obj.o


    Execution Region RW_IRAM1 (Base: 0x20000000, Size: 0x00006a78, Max: 0x00020000, ABSOLUTE, COMPRESSED[0x00000ef4])

    Base Addr    Size         Type   Attr      Idx    E Section Name        Object

    0x20000000   0x00000002   Data   RW          216    .data               voltage_fb.o
    0x20000002   0x0000003d   Data   RW          240    .data               rgb.o
    0x2000003f   0x00000001   PAD
    0x20000040   0x00000020   Data   RW          305    .data               app_main.o
    0x20000060   0x00000055   Data   RW          368    .data               sudoku.o
    0x200000b5   0x00000001   PAD
    0x200000b6   0x00000008   Data   RW          405    .data               sudoku_event.o
    0x200000be   0x00000002   PAD
    0x200000c0   0x0000003c   Data   RW          428    .data               sudoku_layout.o
    0x200000fc   0x00000004   PAD
    0x20000100   0x00000038   Data   RW          452    .data               app_snake.o
    0x20000138   0x0000000c   Data   RW          479    .data               bluetooth.o
    0x20000144   0x00000001   Data   RW          480    .data               bluetooth.o
    0x20000145   0x00000001   Data   RW          481    .data               bluetooth.o
    0x20000146   0x00000008   Data   RW          519    .data               bluetooth_event.o
    0x2000014e   0x00000002   PAD
    0x20000150   0x00000084   Data   RW          552    .data               bluetooth_layout.o
    0x200001d4   0x0000001c   Data   RW          619    .data               bluetooth_atcmd.o
    0x200001f0   0x0000001c   Data   RW          647    .data               app_robotarm.o
    0x2000020c   0x00000028   Data   RW          677    .data               app_shellmo.o
    0x20000234   0x00000004   PAD
    0x20000238   0x00000048   Data   RW          714    .data               app_imu.o
    0x20000280   0x00000004   Data   RW          759    .data               sensor_data.o
    0x20000284   0x00000004   Data   RW          798    .data               timing_manage.o
    0x20000288   0x000011d0   Data   RW          823    .data               asciilib.o
    0x20001458   0x00000be0   Data   RW          824    .data               asciilib.o
    0x20002038   0x000008e8   Data   RW          825    .data               asciilib.o
    0x20002920   0x0000000c   Data   RW          841    .data               tftservice_dialog.o
    0x2000292c   0x00000002   Data   RW          865    .data               tftservice_draw.o
    0x2000292e   0x00000018   Data   RW          884    .data               tftservice_text.o
    0x20002946   0x00000002   PAD
    0x20002948   0x00000200   Data   RW          918    .data               tftservice_keyboard.o
    0x20002b48   0x00000006   Data   RW          974    .data               tft_touchpanel.o
    0x20002b4e   0x00000006   Data   RW         1006    .data               tft_ssd1289.o
    0x20002b54   0x00000004   Data   RW         1081    .data               dev_i2c.o
    0x20002b58   0x0000000a   Data   RW         1104    .data               dev_timer.o
    0x20002b62   0x00000003   Data   RW         1134    .data               dev_usart.o
    0x20002b65   0x00000003   PAD
    0x20002b68   0x00000014   Data   RW         1163    .data               system_stm32f4xx.o
    0x20002b7c   0x00000010   Data   RW         1297    .data               stm32f4xx_rcc.o
    0x20002b8c   0x00000004   Data   RW         1450    .data               mc_w.l(rand.o)
    0x20002b90   0x00000004   Data   RW         1563    .data               mc_w.l(stdout.o)
    0x20002b94   0x00000004   Data   RW         1577    .data               mc_w.l(errno.o)
    0x20002b98   0x00000038   Zero   RW          239    .bss                rgb.o
    0x20002bd0   0x00000050   Zero   RW          276    .bss                input.o
    0x20002c20   0x000000fc   Zero   RW          303    .bss                app_main.o
    0x20002d1c   0x0000000a   Zero   RW          403    .bss                sudoku_event.o
    0x20002d26   0x00000002   PAD
    0x20002d28   0x0000068c   Zero   RW          426    .bss                sudoku_layout.o
    0x200033b4   0x00001064   Zero   RW          450    .bss                app_snake.o
    0x20004418   0x000001b0   Zero   RW          478    .bss                bluetooth.o
    0x200045c8   0x000005c4   Zero   RW          550    .bss                bluetooth_layout.o
    0x20004b8c   0x00000168   Zero   RW          617    .bss                bluetooth_atcmd.o
    0x20004cf4   0x0000013c   Zero   RW          645    .bss                app_robotarm.o
    0x20004e30   0x00000084   Zero   RW          675    .bss                app_shellmo.o
    0x20004eb4   0x00000098   Zero   RW          712    .bss                app_imu.o
    0x20004f4c   0x00000075   Zero   RW          736    .bss                mpu6050.o
    0x20004fc1   0x00000001   PAD
    0x20004fc2   0x0000000a   Zero   RW          794    .bss                timing_manage.o
    0x20004fcc   0x00001000   Zero   RW          883    .bss                tftservice_text.o
    0x20005fcc   0x00000488   Zero   RW          916    .bss                tftservice_keyboard.o
    0x20006454   0x0000000a   Zero   RW         1051    .bss                dev_adc.o
    0x2000645e   0x00000002   PAD
    0x20006460   0x0000017c   Zero   RW         1080    .bss                dev_i2c.o
    0x200065dc   0x00000014   Zero   RW         1103    .bss                dev_timer.o
    0x200065f0   0x00000084   Zero   RW         1132    .bss                dev_usart.o
    0x20006674   0x00000004   PAD
    0x20006678   0x00000400   Zero   RW         1154    STACK               startup_stm32f4xx.o


==============================================================================

Image component sizes


      Code (inc. data)   RO Data    RW Data    ZI Data      Debug   Object Name

      1948        368         33         72        152       4221   app_imu.o
       744         76         84         32        252      16008   app_main.o
      1184         66         24         28        316       5036   app_robotarm.o
      1460         56         24         40        132       3973   app_shellmo.o
      2664        130         44         56       4196       5880   app_snake.o
       876        104          0          0          0        946   app_test.o
         0          0          0       9880          0        597   asciilib.o
       644         30          0         14        432       8961   bluetooth.o
      4668       1394         51         28        360       7660   bluetooth_atcmd.o
      2024        326          0          8          0       3987   bluetooth_event.o
      1748        150        279        132       1476       7295   bluetooth_layout.o
       340         26          0          0         10       1508   dev_adc.o
      1780         68          0          4        380       6597   dev_i2c.o
       820         62          0         10         20       4008   dev_timer.o
       928         38          0          3        132       3605   dev_usart.o
       456         20          0          0         80       3726   input.o
        40          0          0          0          0     343276   main.o
       176         16          0          0          0       1505   misc.o
       844         16          0          0        117       8682   mpu6050.o
      1128         44          0         61         56       3358   rgb.o
      2996         66          0          4          0       5818   sensor_data.o
        36          8        392          0       1024        712   startup_stm32f4xx.o
       852         24          0          0          0       8666   stm32f4xx_adc.o
       800         32          0          0          0       5645   stm32f4xx_dma.o
      1124         10          0          0          0       4851   stm32f4xx_fsmc.o
       492         36          0          0          0       3265   stm32f4xx_gpio.o
       828         22          0          0          0       6711   stm32f4xx_i2c.o
       980         42          0         16          0       9495   stm32f4xx_rcc.o
       752         22          0          0          0       5601   stm32f4xx_spi.o
      2524         52          0          0          0      17886   stm32f4xx_tim.o
       836         26          0          0          0       6348   stm32f4xx_usart.o
       480         12          0         85          0       2591   sudoku.o
      1888        198        226          8         10       8693   sudoku_event.o
       776         36         70         60       1676       6031   sudoku_layout.o
       368         36          0         20          0       1659   system_stm32f4xx.o
      1312         20          0          6          0       4721   tft_ssd1289.o
       416         22          0          6          0       2376   tft_touchpanel.o
       800         12          0          0          0       2480   tft_xpt2046.o
       372          6          0          0          0       1498   tftservice_button.o
       816          4         16         12          0       4355   tftservice_dialog.o
      1660         12          0          2          0       3780   tftservice_draw.o
      1620         34        178        512       1160       4804   tftservice_keyboard.o
       820         28          0         24       4096       6444   tftservice_text.o
       714          0          0          0          0       3003   tftservice_trackbar.o
       296         26          0          4         10      21409   timing_manage.o
       264         34          0          2          0       1224   voltage_fb.o

    ----------------------------------------------------------------------
     49296       3810       1456      11148      16096     590895   Object Totals
         0          0         32          0          0          0   (incl. Generated)
         2          0          3         19          9          0   (incl. Padding)

    ----------------------------------------------------------------------

      Code (inc. data)   RO Data    RW Data    ZI Data      Debug   Library Member Name

       636         52         80          0          0        168   asin.o
       548         70        152          0          0        124   atan.o
       384         38          0          0          0        144   atan2.o
       172          8          0          0          0        112   cos.o
       252         22         48          0          0        124   cos_i.o
        16          6          0          0          0         68   dunder.o
        40          0          0          0          0         68   fpclassify.o
       170          0          0          0          0         96   poly.o
         0          0          8          0          0          0   qnan.o
       904         72        200          0          0        140   rred.o
       176         10          0          0          0        116   sin.o
       236         12         40          0          0        128   sin_i.o
        76          0          0          0          0         84   sqrt.o
        96          0          0          0          0          0   __dclz77c.o
         0          0          0          0          0          0   entry.o
         0          0          0          0          0          0   entry10a.o
         0          0          0          0          0          0   entry11a.o
         8          4          0          0          0          0   entry2.o
         4          0          0          0          0          0   entry5.o
         0          0          0          0          0          0   entry7b.o
         0          0          0          0          0          0   entry8b.o
         8          4          0          0          0          0   entry9a.o
        12          6          0          4          0         68   errno.o
        30          0          0          0          0          0   handlers.o
        36          8          0          0          0         68   init.o
         0          0          0          0          0          0   iusefp.o
        30          0          0          0          0         68   llshl.o
        36          0          0          0          0         68   llsshr.o
        32          0          0          0          0         68   llushr.o
        36          0          0          0          0        108   memseta.o
      2226         88          0          0          0        428   printfa.o
        36         10          0          4          0        136   rand.o
         0          0          0          4          0          0   stdout.o
        44          0          0          0          0         80   uidiv.o
        98          0          0          0          0         92   uldiv.o
        40          2          0          0          0         68   cdcmple.o
        40          2          0          0          0         68   cdrcmple.o
        20          0          0          0          0         68   cfcmple.o
        20          0          0          0          0         68   cfrcmple.o
        56          0          0          0          0         88   d2f.o
       334          0          0          0          0        148   dadd.o
       222          0          0          0          0        100   ddiv.o
       190          0          0          0          0        176   depilogue.o
        62          0          0          0          0         80   dfixi.o
        50          0          0          0          0         76   dfixui.o
        48          0          0          0          0         68   dfixul.o
        34          0          0          0          0         76   dflti.o
        26          0          0          0          0         76   dfltui.o
       228          0          0          0          0         96   dmul.o
        46          0          0          0          0         80   dscalb.o
       162          0          0          0          0        100   dsqrt.o
        38          0          0          0          0         68   f2d.o
       176          0          0          0          0        140   fadd.o
       128          0          0          0          0         88   fdiv.o
       108          0          0          0          0        168   fepilogue.o
        50          0          0          0          0         68   ffixi.o
        40          0          0          0          0         68   ffixui.o
        44          0          0          0          0         68   ffixul.o
        18          0          0          0          0         68   fflti.o
        10          0          0          0          0         68   ffltui.o
        28          0          0          0          0         84   ffltul.o
       108          0          0          0          0         76   fmul.o
        24          0          0          0          0         68   fscalb.o

    ----------------------------------------------------------------------
      8700        414        528         12          0       5024   Library Totals
         8          0          0          0          0          0   (incl. Padding)

    ----------------------------------------------------------------------

      Code (inc. data)   RO Data    RW Data    ZI Data      Debug   Library Name

      3610        290        528          0          0       1372   m_ws.l
      2732        120          0         12          0       1184   mc_w.l
      2350          4          0          0          0       2468   mf_w.l

    ----------------------------------------------------------------------
      8700        414        528         12          0       5024   Library Totals

    ----------------------------------------------------------------------

==============================================================================


      Code (inc. data)   RO Data    RW Data    ZI Data      Debug   

     57996       4224       1984      11160      16096     588327   Grand Totals
     57996       4224       1984       3828      16096     588327   ELF Image Totals (compressed)
     57996       4224       1984       3828          0          0   ROM Totals

==============================================================================

    Total RO  Size (Code + RO Data)                59980 (  58.57kB)
    Total RW  Size (RW Data + ZI Data)             27256 (  26.62kB)
    Total ROM Size (Code + RO Data + RW Data)      63808 (  62.31kB)

==============================================================================

